Release 14.7 - xst P.20131013 (nt64)
Copyright (c) 1995-2013 Xilinx, Inc.  All rights reserved.
--> Parameter TMPDIR set to xst/projnav.tmp


Total REAL time to Xst completion: 0.00 secs
Total CPU time to Xst completion: 0.13 secs
 
--> Parameter xsthdpdir set to xst


Total REAL time to Xst completion: 0.00 secs
Total CPU time to Xst completion: 0.13 secs
 
--> Reading design: brainwars_secondary.prj

TABLE OF CONTENTS
  1) Synthesis Options Summary
  2) HDL Parsing
  3) HDL Elaboration
  4) HDL Synthesis
       4.1) HDL Synthesis Report
  5) Advanced HDL Synthesis
       5.1) Advanced HDL Synthesis Report
  6) Low Level Synthesis
  7) Partition Report
  8) Design Summary
       8.1) Primitive and Black Box Usage
       8.2) Device utilization summary
       8.3) Partition Resource Summary
       8.4) Timing Report
            8.4.1) Clock Information
            8.4.2) Asynchronous Control Signals Information
            8.4.3) Timing Summary
            8.4.4) Timing Details
            8.4.5) Cross Clock Domains Report


=========================================================================
*                      Synthesis Options Summary                        *
=========================================================================
---- Source Parameters
Input File Name                    : "brainwars_secondary.prj"
Ignore Synthesis Constraint File   : NO

---- Target Parameters
Output File Name                   : "brainwars_secondary"
Output Format                      : NGC
Target Device                      : xc6slx16-3-csg324

---- Source Options
Top Module Name                    : brainwars_secondary
Automatic FSM Extraction           : YES
FSM Encoding Algorithm             : Auto
Safe Implementation                : No
FSM Style                          : LUT
RAM Extraction                     : Yes
RAM Style                          : Auto
ROM Extraction                     : Yes
Shift Register Extraction          : YES
ROM Style                          : Auto
Resource Sharing                   : YES
Asynchronous To Synchronous        : NO
Shift Register Minimum Size        : 2
Use DSP Block                      : Auto
Automatic Register Balancing       : No

---- Target Options
LUT Combining                      : Auto
Reduce Control Sets                : Auto
Add IO Buffers                     : YES
Global Maximum Fanout              : 100000
Add Generic Clock Buffer(BUFG)     : 16
Register Duplication               : YES
Optimize Instantiated Primitives   : NO
Use Clock Enable                   : Auto
Use Synchronous Set                : Auto
Use Synchronous Reset              : Auto
Pack IO Registers into IOBs        : Auto
Equivalent register Removal        : YES

---- General Options
Optimization Goal                  : Speed
Optimization Effort                : 1
Power Reduction                    : NO
Keep Hierarchy                     : No
Netlist Hierarchy                  : As_Optimized
RTL Output                         : Yes
Global Optimization                : AllClockNets
Read Cores                         : YES
Write Timing Constraints           : NO
Cross Clock Analysis               : NO
Hierarchy Separator                : /
Bus Delimiter                      : <>
Case Specifier                     : Maintain
Slice Utilization Ratio            : 100
BRAM Utilization Ratio             : 100
DSP48 Utilization Ratio            : 100
Auto BRAM Packing                  : NO
Slice Utilization Ratio Delta      : 5

---- Other Options
Cores Search Directories           : {"ipcore_dir"  }

=========================================================================


=========================================================================
*                          HDL Parsing                                  *
=========================================================================
Analyzing Verilog file "C:\Users\Andy\Desktop\Working\Test\add3.v" into library work
Parsing module <add3>.
Analyzing Verilog file "C:\Users\Andy\Desktop\Working\Test\one_pulse.v" into library work
Parsing module <one_pulse>.
Analyzing Verilog file "C:\Users\Andy\Desktop\Working\Test\lcd_decoder.v" into library work
Parsing verilog file "global.v" included at line 12.
Parsing module <lcd_decoder>.
Analyzing Verilog file "C:\Users\Andy\Desktop\Working\Test\ipcore_dir\RAM.v" into library work
Parsing module <RAM>.
Analyzing Verilog file "C:\Users\Andy\Desktop\Working\Test\debounce.v" into library work
Parsing module <debounce>.
Analyzing Verilog file "C:\Users\Andy\Desktop\Working\Test\binary_converter.v" into library work
Parsing module <binary_converter>.
Analyzing Verilog file "C:\Users\Andy\Desktop\Working\Test\ssd_decoder.v" into library work
Parsing module <ssd_decoder>.
Analyzing Verilog file "C:\Users\Andy\Desktop\Working\Test\scan_ctl.v" into library work
Parsing module <scan_ctl>.
Analyzing Verilog file "C:\Users\Andy\Desktop\Working\Test\random_secondary.v" into library work
Parsing module <random_secondary>.
Analyzing Verilog file "C:\Users\Andy\Desktop\Working\Test\RAM_ctrl.v" into library work
Parsing module <RAM_ctrl>.
Analyzing Verilog file "C:\Users\Andy\Desktop\Working\Test\point_cal_secondary.v" into library work
Parsing verilog file "global.v" included at line 12.
Parsing module <point_cal_secondary>.
Analyzing Verilog file "C:\Users\Andy\Desktop\Working\Test\lcd_ctrl.v" into library work
Parsing module <lcd_ctrl>.
Analyzing Verilog file "C:\Users\Andy\Desktop\Working\Test\keypad_scan.v" into library work
Parsing verilog file "global.v" included at line 12.
Parsing module <keypad_scan>.
Analyzing Verilog file "C:\Users\Andy\Desktop\Working\Test\freq_div.v" into library work
Parsing module <freq_div>.
Analyzing Verilog file "C:\Users\Andy\Desktop\Working\Test\follow_order.v" into library work
Parsing verilog file "global.v" included at line 12.
Parsing module <follow_order>.
Analyzing Verilog file "C:\Users\Andy\Desktop\Working\Test\debounce_one_pulse.v" into library work
Parsing module <debounce_one_pulse>.
Analyzing Verilog file "C:\Users\Andy\Desktop\Working\Test\clock_generator.v" into library work
Parsing verilog file "global.v" included at line 12.
Parsing module <clock_generator>.
Analyzing Verilog file "C:\Users\Andy\Desktop\Working\Test\clock_divider.v" into library work
Parsing module <clock_divider>.
Analyzing Verilog file "C:\Users\Andy\Desktop\Working\Test\brainwars_secondary.v" into library work
Parsing verilog file "global.v" included at line 12.
Parsing module <brainwars_secondary>.

=========================================================================
*                            HDL Elaboration                            *
=========================================================================
WARNING:HDLCompiler:1016 - "C:\Users\Andy\Desktop\Working\Test\brainwars_secondary.v" Line 87: Port LED is not connected to this instance
WARNING:HDLCompiler:1016 - "C:\Users\Andy\Desktop\Working\Test\brainwars_secondary.v" Line 126: Port flick_master_point is not connected to this instance

Elaborating module <brainwars_secondary>.

Elaborating module <freq_div>.
WARNING:HDLCompiler:1127 - "C:\Users\Andy\Desktop\Working\Test\brainwars_secondary.v" Line 71: Assignment to clk_out ignored, since the identifier is never used
WARNING:HDLCompiler:1127 - "C:\Users\Andy\Desktop\Working\Test\brainwars_secondary.v" Line 72: Assignment to clk_fast ignored, since the identifier is never used

Elaborating module <clock_generator>.
WARNING:HDLCompiler:1127 - "C:\Users\Andy\Desktop\Working\Test\brainwars_secondary.v" Line 81: Assignment to clk_1 ignored, since the identifier is never used
WARNING:HDLCompiler:1127 - "C:\Users\Andy\Desktop\Working\Test\brainwars_secondary.v" Line 83: Assignment to clk_66 ignored, since the identifier is never used

Elaborating module <random_secondary>.

Elaborating module <keypad_scan>.

Elaborating module <debounce_one_pulse>.

Elaborating module <debounce>.

Elaborating module <one_pulse>.

Elaborating module <follow_order>.

Elaborating module <point_cal_secondary>.
WARNING:HDLCompiler:91 - "C:\Users\Andy\Desktop\Working\Test\point_cal_secondary.v" Line 49: Signal <flick_master_point> missing in the sensitivity list is added for synthesis purposes. HDL and post-synthesis simulations may differ as a result.
WARNING:HDLCompiler:91 - "C:\Users\Andy\Desktop\Working\Test\point_cal_secondary.v" Line 50: Signal <touch_number_point> missing in the sensitivity list is added for synthesis purposes. HDL and post-synthesis simulations may differ as a result.
WARNING:HDLCompiler:91 - "C:\Users\Andy\Desktop\Working\Test\point_cal_secondary.v" Line 51: Signal <follow_order_point> missing in the sensitivity list is added for synthesis purposes. HDL and post-synthesis simulations may differ as a result.
WARNING:HDLCompiler:91 - "C:\Users\Andy\Desktop\Working\Test\point_cal_secondary.v" Line 52: Signal <unfollow_order_point> missing in the sensitivity list is added for synthesis purposes. HDL and post-synthesis simulations may differ as a result.
WARNING:HDLCompiler:91 - "C:\Users\Andy\Desktop\Working\Test\point_cal_secondary.v" Line 53: Signal <high_or_low_point> missing in the sensitivity list is added for synthesis purposes. HDL and post-synthesis simulations may differ as a result.
WARNING:HDLCompiler:91 - "C:\Users\Andy\Desktop\Working\Test\point_cal_secondary.v" Line 54: Signal <rainfall_point> missing in the sensitivity list is added for synthesis purposes. HDL and post-synthesis simulations may differ as a result.
WARNING:HDLCompiler:91 - "C:\Users\Andy\Desktop\Working\Test\point_cal_secondary.v" Line 60: Signal <point> missing in the sensitivity list is added for synthesis purposes. HDL and post-synthesis simulations may differ as a result.

Elaborating module <binary_converter>.

Elaborating module <add3>.
WARNING:HDLCompiler:189 - "C:\Users\Andy\Desktop\Working\Test\brainwars_secondary.v" Line 136: Size mismatch in connection of port <follow_order_point>. Formal port size is 2-bit while actual signal size is 1-bit.

Elaborating module <RAM_ctrl>.

Elaborating module <lcd_decoder>.

Elaborating module <RAM>.
WARNING:HDLCompiler:1499 - "C:\Users\Andy\Desktop\Working\Test\ipcore_dir\RAM.v" Line 39: Empty module <RAM> remains a black box.

Elaborating module <lcd_ctrl>.

Elaborating module <clock_divider(half_cycle=200,counter_width=8)>.

Elaborating module <scan_ctl>.

Elaborating module <ssd_decoder>.
WARNING:HDLCompiler:552 - "C:\Users\Andy\Desktop\Working\Test\brainwars_secondary.v" Line 126: Input port flick_master_point[1] is not connected on this instance

=========================================================================
*                           HDL Synthesis                               *
=========================================================================

Synthesizing Unit <brainwars_secondary>.
    Related source file is "C:\Users\Andy\Desktop\Working\Test\brainwars_secondary.v".
WARNING:Xst:2898 - Port 'flick_master_point', unconnected in block instance 'point_calculator', is tied to GND.
WARNING:Xst:2898 - Port 'touch_number_point', unconnected in block instance 'point_calculator', is tied to GND.
WARNING:Xst:2898 - Port 'unfollow_order_point', unconnected in block instance 'point_calculator', is tied to GND.
WARNING:Xst:2898 - Port 'high_or_low_point', unconnected in block instance 'point_calculator', is tied to GND.
WARNING:Xst:2898 - Port 'rainfall_point', unconnected in block instance 'point_calculator', is tied to GND.
INFO:Xst:3210 - "C:\Users\Andy\Desktop\Working\Test\brainwars_secondary.v" line 70: Output port <clk_out> of the instance <frequency_divider> is unconnected or connected to loadless signal.
INFO:Xst:3210 - "C:\Users\Andy\Desktop\Working\Test\brainwars_secondary.v" line 70: Output port <clk_fast> of the instance <frequency_divider> is unconnected or connected to loadless signal.
INFO:Xst:3210 - "C:\Users\Andy\Desktop\Working\Test\brainwars_secondary.v" line 78: Output port <clk_1> of the instance <clock_generate> is unconnected or connected to loadless signal.
INFO:Xst:3210 - "C:\Users\Andy\Desktop\Working\Test\brainwars_secondary.v" line 78: Output port <clk_66> of the instance <clock_generate> is unconnected or connected to loadless signal.
INFO:Xst:3210 - "C:\Users\Andy\Desktop\Working\Test\brainwars_secondary.v" line 87: Output port <LED> of the instance <random_producer> is unconnected or connected to loadless signal.
    Summary:
	no macro.
Unit <brainwars_secondary> synthesized.

Synthesizing Unit <freq_div>.
    Related source file is "C:\Users\Andy\Desktop\Working\Test\freq_div.v".
    Found 2-bit register for signal <clk_ctl>.
    Found 7-bit register for signal <cnt_h>.
    Found 15-bit register for signal <cnt_l>.
    Found 1-bit register for signal <clk_out>.
    Found 25-bit adder for signal <cnt_tmp> created at line 37.
    Summary:
	inferred   1 Adder/Subtractor(s).
	inferred  25 D-type flip-flop(s).
Unit <freq_div> synthesized.

Synthesizing Unit <clock_generator>.
    Related source file is "C:\Users\Andy\Desktop\Working\Test\clock_generator.v".
    Found 24-bit register for signal <count_10M>.
    Found 18-bit register for signal <count_200K>.
    Found 22-bit register for signal <count_1515151>.
    Found 25-bit register for signal <count_20M>.
    Found 1-bit register for signal <clk_1>.
    Found 1-bit register for signal <clk_2>.
    Found 1-bit register for signal <clk_100>.
    Found 1-bit register for signal <clk_66>.
    Found 25-bit adder for signal <count_20M[24]_GND_3_o_add_1_OUT> created at line 56.
    Found 24-bit adder for signal <count_10M[23]_GND_3_o_add_5_OUT> created at line 85.
    Found 18-bit adder for signal <count_200K[17]_GND_3_o_add_9_OUT> created at line 114.
    Found 22-bit adder for signal <count_1515151[21]_GND_3_o_add_13_OUT> created at line 144.
    Summary:
	inferred   4 Adder/Subtractor(s).
	inferred  93 D-type flip-flop(s).
	inferred   4 Multiplexer(s).
Unit <clock_generator> synthesized.

Synthesizing Unit <random_secondary>.
    Related source file is "C:\Users\Andy\Desktop\Working\Test\random_secondary.v".
    Found 16-bit register for signal <LED>.
    Found 16-bit register for signal <rand>.
    Summary:
	inferred  32 D-type flip-flop(s).
Unit <random_secondary> synthesized.

Synthesizing Unit <keypad_scan>.
    Related source file is "C:\Users\Andy\Desktop\Working\Test\keypad_scan.v".
    Found 4-bit register for signal <pause_delay>.
    Found 4-bit register for signal <key>.
    Found 2-bit register for signal <sel>.
    Found 1-bit register for signal <keypad_state>.
    Found 1-bit register for signal <pressed>.
    Found 2-bit adder for signal <sel_next> created at line 44.
    Found 4-bit adder for signal <pause_delay[3]_GND_6_o_add_25_OUT> created at line 184.
    Found 4x4-bit Read Only RAM for signal <row_n>
    Summary:
	inferred   1 RAM(s).
	inferred   2 Adder/Subtractor(s).
	inferred  12 D-type flip-flop(s).
	inferred   4 Multiplexer(s).
Unit <keypad_scan> synthesized.

Synthesizing Unit <debounce_one_pulse>.
    Related source file is "C:\Users\Andy\Desktop\Working\Test\debounce_one_pulse.v".
    Summary:
	no macro.
Unit <debounce_one_pulse> synthesized.

Synthesizing Unit <debounce>.
    Related source file is "C:\Users\Andy\Desktop\Working\Test\debounce.v".
    Found 4-bit register for signal <debounce_window>.
    Found 1-bit register for signal <pb_debounced>.
    Summary:
	inferred   5 D-type flip-flop(s).
Unit <debounce> synthesized.

Synthesizing Unit <one_pulse>.
    Related source file is "C:\Users\Andy\Desktop\Working\Test\one_pulse.v".
    Found 1-bit register for signal <out_pulse>.
    Found 1-bit register for signal <in_trig_delay>.
    Summary:
	inferred   2 D-type flip-flop(s).
Unit <one_pulse> synthesized.

Synthesizing Unit <follow_order>.
    Related source file is "C:\Users\Andy\Desktop\Working\Test\follow_order.v".
    Found 1-bit register for signal <check1<14>>.
    Found 1-bit register for signal <check1<13>>.
    Found 1-bit register for signal <check1<12>>.
    Found 1-bit register for signal <check1<11>>.
    Found 1-bit register for signal <check1<10>>.
    Found 1-bit register for signal <check1<9>>.
    Found 1-bit register for signal <check1<8>>.
    Found 1-bit register for signal <check1<7>>.
    Found 1-bit register for signal <check1<6>>.
    Found 1-bit register for signal <check1<5>>.
    Found 1-bit register for signal <check1<4>>.
    Found 1-bit register for signal <check1<3>>.
    Found 1-bit register for signal <check1<2>>.
    Found 1-bit register for signal <check1<1>>.
    Found 1-bit register for signal <check1<0>>.
    Found 1-bit register for signal <check1<15>>.
    Found 2-bit register for signal <state>.
    Found 2-bit register for signal <cnt2>.
    Found 2-bit register for signal <cnt3>.
    Found 2-bit register for signal <cnt1>.
    Found 1-bit register for signal <clk_tmp>.
    Found 1-bit register for signal <correct>.
    Found 1-bit register for signal <show>.
    Found 1-bit register for signal <check2<15>>.
    Found 1-bit register for signal <check2<14>>.
    Found 1-bit register for signal <check2<13>>.
    Found 1-bit register for signal <check2<12>>.
    Found 1-bit register for signal <check2<11>>.
    Found 1-bit register for signal <check2<10>>.
    Found 1-bit register for signal <check2<9>>.
    Found 1-bit register for signal <check2<8>>.
    Found 1-bit register for signal <check2<7>>.
    Found 1-bit register for signal <check2<6>>.
    Found 1-bit register for signal <check2<5>>.
    Found 1-bit register for signal <check2<4>>.
    Found 1-bit register for signal <check2<3>>.
    Found 1-bit register for signal <check2<2>>.
    Found 1-bit register for signal <check2<1>>.
    Found 1-bit register for signal <check2<0>>.
    Found 1-bit register for signal <point>.
INFO:Xst:1799 - State 10 is never reached in FSM <state>.
    Found finite state machine <FSM_0> for signal <state>.
    -----------------------------------------------------------------------
    | States             | 3                                              |
    | Transitions        | 7                                              |
    | Inputs             | 6                                              |
    | Outputs            | 2                                              |
    | Clock              | clk (rising_edge)                              |
    | Reset              | rst_n (negative)                               |
    | Reset type         | asynchronous                                   |
    | Reset State        | 00                                             |
    | Encoding           | auto                                           |
    | Implementation     | LUT                                            |
    -----------------------------------------------------------------------
    Found 2-bit adder for signal <cnt1_tmp> created at line 71.
    Found 2-bit adder for signal <cnt2_tmp> created at line 123.
    Found 8x64-bit Read Only RAM for signal <_n0889>
    Found 8x64-bit Read Only RAM for signal <_n0914>
    Found 8x64-bit Read Only RAM for signal <_n0939>
    Found 8x64-bit Read Only RAM for signal <_n0964>
    Found 4-bit comparator not equal for signal <n0047> created at line 118
    Found 4-bit comparator not equal for signal <n0050> created at line 118
    Found 4-bit comparator not equal for signal <n0053> created at line 118
    Summary:
	inferred   4 RAM(s).
	inferred   2 Adder/Subtractor(s).
	inferred  37 D-type flip-flop(s).
	inferred   3 Comparator(s).
	inferred  22 Multiplexer(s).
	inferred   1 Finite State Machine(s).
Unit <follow_order> synthesized.

Synthesizing Unit <point_cal_secondary>.
    Related source file is "C:\Users\Andy\Desktop\Working\Test\point_cal_secondary.v".
    Found 8-bit register for signal <score>.
    Found 8-bit adder for signal <score_tmp> created at line 60.
    Summary:
	inferred   1 Adder/Subtractor(s).
	inferred   8 D-type flip-flop(s).
Unit <point_cal_secondary> synthesized.

Synthesizing Unit <binary_converter>.
    Related source file is "C:\Users\Andy\Desktop\Working\Test\binary_converter.v".
    Summary:
	inferred   3 Multiplexer(s).
Unit <binary_converter> synthesized.

Synthesizing Unit <add3>.
    Related source file is "C:\Users\Andy\Desktop\Working\Test\add3.v".
    Found 16x4-bit Read Only RAM for signal <out>
    Summary:
	inferred   1 RAM(s).
Unit <add3> synthesized.

Synthesizing Unit <RAM_ctrl>.
    Related source file is "C:\Users\Andy\Desktop\Working\Test\RAM_ctrl.v".
        IDLE = 2'b00
        WRITE = 2'b01
        GETDATA = 2'b10
        TRANSDATA = 2'b11
    Found 1-bit register for signal <wen>.
    Found 2-bit register for signal <cnt>.
    Found 2-bit register for signal <state>.
    Found 512-bit register for signal <mem>.
    Found 6-bit register for signal <counter_word>.
    Found 6-bit register for signal <addr>.
    Found 8-bit register for signal <data_out>.
    Found 1-bit register for signal <flag>.
    Found 1-bit register for signal <data_valid>.
    Found 1-bit register for signal <temp_pressed>.
    Found finite state machine <FSM_1> for signal <state>.
    -----------------------------------------------------------------------
    | States             | 4                                              |
    | Transitions        | 10                                             |
    | Inputs             | 6                                              |
    | Outputs            | 4                                              |
    | Clock              | clk (rising_edge)                              |
    | Reset              | rst_n (negative)                               |
    | Reset type         | asynchronous                                   |
    | Reset State        | 00                                             |
    | Encoding           | auto                                           |
    | Implementation     | LUT                                            |
    -----------------------------------------------------------------------
    Found 9-bit subtractor for signal <GND_16_o_GND_16_o_sub_561_OUT> created at line 193.
    Found 9-bit subtractor for signal <GND_16_o_GND_16_o_sub_563_OUT> created at line 194.
    Found 8-bit subtractor for signal <GND_16_o_GND_16_o_sub_565_OUT> created at line 195.
    Found 7-bit subtractor for signal <GND_16_o_GND_16_o_sub_567_OUT> created at line 196.
    Found 2-bit adder for signal <cnt[1]_GND_16_o_add_31_OUT> created at line 170.
    Found 6-bit adder for signal <addr_next> created at line 175.
    Found 6-bit adder for signal <counter_word[5]_GND_16_o_add_551_OUT> created at line 187.
    Found 8-bit subtractor for signal <GND_16_o_GND_16_o_sub_2_OUT<7:0>> created at line 82.
    Found 3-bit subtractor for signal <GND_16_o_GND_16_o_sub_38_OUT<2:0>> created at line 181.
    Found 9-bit subtractor for signal <GND_16_o_GND_16_o_sub_553_OUT<8:0>> created at line 189.
    Found 9-bit subtractor for signal <GND_16_o_GND_16_o_sub_555_OUT<8:0>> created at line 190.
    Found 9-bit subtractor for signal <GND_16_o_GND_16_o_sub_557_OUT<8:0>> created at line 191.
    Found 9-bit subtractor for signal <GND_16_o_GND_16_o_sub_559_OUT<8:0>> created at line 192.
    Found 496-bit shifter logical right for signal <n0613> created at line 82
    Found 496-bit shifter logical right for signal <n0614> created at line 83
    Found 496-bit shifter logical right for signal <n0615> created at line 84
    Found 496-bit shifter logical right for signal <n0616> created at line 85
    Found 32-bit 4-to-1 multiplexer for signal <translate> created at line 55.
    Found 1-bit 512-to-1 multiplexer for signal <GND_16_o_mem[511]_Mux_553_o> created at line 189.
    Found 1-bit 512-to-1 multiplexer for signal <GND_16_o_mem[511]_Mux_555_o> created at line 190.
    Found 1-bit 512-to-1 multiplexer for signal <GND_16_o_mem[511]_Mux_557_o> created at line 191.
    Found 1-bit 512-to-1 multiplexer for signal <GND_16_o_mem[511]_Mux_559_o> created at line 192.
    Found 1-bit 512-to-1 multiplexer for signal <GND_16_o_mem[511]_Mux_561_o> created at line 193.
    Found 1-bit 512-to-1 multiplexer for signal <GND_16_o_mem[511]_Mux_563_o> created at line 194.
    Found 1-bit 512-to-1 multiplexer for signal <GND_16_o_mem[511]_Mux_565_o> created at line 195.
    Found 1-bit 512-to-1 multiplexer for signal <GND_16_o_mem[511]_Mux_567_o> created at line 196.
    Found 3-bit comparator lessequal for signal <n0040> created at line 180
    Summary:
	inferred  13 Adder/Subtractor(s).
	inferred 538 D-type flip-flop(s).
	inferred   1 Comparator(s).
	inferred 526 Multiplexer(s).
	inferred   4 Combinational logic shifter(s).
	inferred   1 Finite State Machine(s).
Unit <RAM_ctrl> synthesized.

Synthesizing Unit <lcd_decoder>.
    Related source file is "C:\Users\Andy\Desktop\Working\Test\lcd_decoder.v".
    Found 256x256-bit Read Only RAM for signal <mark>
    Summary:
	inferred   1 RAM(s).
Unit <lcd_decoder> synthesized.

Synthesizing Unit <lcd_ctrl>.
    Related source file is "C:\Users\Andy\Desktop\Working\Test\lcd_ctrl.v".
        SETDSL = 3'b000
        SetY = 3'b001
        SetX = 3'b010
        Display = 3'b011
        IDLE = 3'b100
        EARSE = 3'b101
    Found 1-bit register for signal <LCD_en>.
    Found 8-bit register for signal <LCD_data>.
    Found 3-bit register for signal <state>.
    Found 3-bit register for signal <x_cnt>.
    Found 6-bit register for signal <y_cnt>.
    Found 2-bit register for signal <flag>.
    Found 1-bit register for signal <en_tran>.
    Found 1-bit register for signal <LCD_di>.
    Found finite state machine <FSM_2> for signal <state>.
    -----------------------------------------------------------------------
    | States             | 6                                              |
    | Transitions        | 16                                             |
    | Inputs             | 5                                              |
    | Outputs            | 5                                              |
    | Clock              | clk (rising_edge)                              |
    | Reset              | rst_n (negative)                               |
    | Reset type         | asynchronous                                   |
    | Reset State        | 000                                            |
    | Encoding           | auto                                           |
    | Implementation     | LUT                                            |
    -----------------------------------------------------------------------
    Found 2-bit adder for signal <flag[1]_GND_20_o_add_18_OUT> created at line 139.
    Found 3-bit adder for signal <x_cnt[2]_GND_20_o_add_20_OUT> created at line 149.
    Found 6-bit adder for signal <y_cnt[5]_GND_20_o_add_21_OUT> created at line 152.
    Summary:
	inferred   3 Adder/Subtractor(s).
	inferred  22 D-type flip-flop(s).
	inferred  18 Multiplexer(s).
	inferred   1 Finite State Machine(s).
Unit <lcd_ctrl> synthesized.

Synthesizing Unit <clock_divider>.
    Related source file is "C:\Users\Andy\Desktop\Working\Test\clock_divider.v".
        counter_width = 8
        half_cycle = 200
    Found 8-bit register for signal <count>.
    Found 1-bit register for signal <clk_div>.
    Found 8-bit adder for signal <count[7]_GND_22_o_add_1_OUT> created at line 40.
    Summary:
	inferred   1 Adder/Subtractor(s).
	inferred   9 D-type flip-flop(s).
	inferred   1 Multiplexer(s).
Unit <clock_divider> synthesized.

Synthesizing Unit <scan_ctl>.
    Related source file is "C:\Users\Andy\Desktop\Working\Test\scan_ctl.v".
    Found 4x4-bit Read Only RAM for signal <ssd_ctl>
    Found 4-bit 4-to-1 multiplexer for signal <bcd_out> created at line 29.
    Summary:
	inferred   1 RAM(s).
	inferred   1 Multiplexer(s).
Unit <scan_ctl> synthesized.

Synthesizing Unit <ssd_decoder>.
    Related source file is "C:\Users\Andy\Desktop\Working\Test\ssd_decoder.v".
    Found 16x15-bit Read Only RAM for signal <ssd_out>
    Summary:
	inferred   1 RAM(s).
Unit <ssd_decoder> synthesized.

=========================================================================
HDL Synthesis Report

Macro Statistics
# RAMs                                                 : 18
 16x15-bit single-port Read Only RAM                   : 1
 16x4-bit single-port Read Only RAM                    : 7
 256x256-bit single-port Read Only RAM                 : 4
 4x4-bit single-port Read Only RAM                     : 2
 8x64-bit single-port Read Only RAM                    : 4
# Adders/Subtractors                                   : 27
 18-bit adder                                          : 1
 2-bit adder                                           : 5
 22-bit adder                                          : 1
 24-bit adder                                          : 1
 25-bit adder                                          : 2
 3-bit adder                                           : 1
 3-bit subtractor                                      : 1
 4-bit adder                                           : 1
 6-bit adder                                           : 3
 7-bit subtractor                                      : 1
 8-bit adder                                           : 2
 8-bit subtractor                                      : 2
 9-bit subtractor                                      : 6
# Registers                                            : 69
 1-bit register                                        : 39
 15-bit register                                       : 1
 16-bit register                                       : 2
 18-bit register                                       : 1
 2-bit register                                        : 6
 22-bit register                                       : 1
 24-bit register                                       : 1
 25-bit register                                       : 1
 3-bit register                                        : 5
 4-bit register                                        : 3
 512-bit register                                      : 1
 6-bit register                                        : 3
 7-bit register                                        : 1
 8-bit register                                        : 4
# Comparators                                          : 4
 3-bit comparator lessequal                            : 1
 4-bit comparator not equal                            : 3
# Multiplexers                                         : 579
 1-bit 2-to-1 multiplexer                              : 28
 1-bit 512-to-1 multiplexer                            : 8
 10-bit 2-to-1 multiplexer                             : 1
 11-bit 2-to-1 multiplexer                             : 1
 12-bit 2-to-1 multiplexer                             : 1
 13-bit 2-to-1 multiplexer                             : 1
 14-bit 2-to-1 multiplexer                             : 1
 15-bit 2-to-1 multiplexer                             : 1
 16-bit 2-to-1 multiplexer                             : 1
 17-bit 2-to-1 multiplexer                             : 1
 18-bit 2-to-1 multiplexer                             : 2
 19-bit 2-to-1 multiplexer                             : 1
 2-bit 2-to-1 multiplexer                              : 6
 20-bit 2-to-1 multiplexer                             : 1
 21-bit 2-to-1 multiplexer                             : 1
 22-bit 2-to-1 multiplexer                             : 2
 23-bit 2-to-1 multiplexer                             : 1
 24-bit 2-to-1 multiplexer                             : 2
 25-bit 2-to-1 multiplexer                             : 2
 26-bit 2-to-1 multiplexer                             : 1
 27-bit 2-to-1 multiplexer                             : 1
 28-bit 2-to-1 multiplexer                             : 1
 29-bit 2-to-1 multiplexer                             : 1
 3-bit 2-to-1 multiplexer                              : 1
 30-bit 2-to-1 multiplexer                             : 1
 31-bit 2-to-1 multiplexer                             : 1
 32-bit 2-to-1 multiplexer                             : 1
 32-bit 4-to-1 multiplexer                             : 1
 33-bit 2-to-1 multiplexer                             : 1
 34-bit 2-to-1 multiplexer                             : 1
 35-bit 2-to-1 multiplexer                             : 1
 36-bit 2-to-1 multiplexer                             : 1
 37-bit 2-to-1 multiplexer                             : 1
 38-bit 2-to-1 multiplexer                             : 1
 39-bit 2-to-1 multiplexer                             : 1
 4-bit 2-to-1 multiplexer                              : 6
 4-bit 4-to-1 multiplexer                              : 1
 40-bit 2-to-1 multiplexer                             : 1
 41-bit 2-to-1 multiplexer                             : 1
 42-bit 2-to-1 multiplexer                             : 1
 43-bit 2-to-1 multiplexer                             : 1
 44-bit 2-to-1 multiplexer                             : 1
 45-bit 2-to-1 multiplexer                             : 1
 46-bit 2-to-1 multiplexer                             : 1
 47-bit 2-to-1 multiplexer                             : 1
 48-bit 2-to-1 multiplexer                             : 1
 49-bit 2-to-1 multiplexer                             : 1
 5-bit 2-to-1 multiplexer                              : 1
 50-bit 2-to-1 multiplexer                             : 1
 51-bit 2-to-1 multiplexer                             : 1
 52-bit 2-to-1 multiplexer                             : 1
 53-bit 2-to-1 multiplexer                             : 1
 54-bit 2-to-1 multiplexer                             : 1
 55-bit 2-to-1 multiplexer                             : 1
 56-bit 2-to-1 multiplexer                             : 1
 57-bit 2-to-1 multiplexer                             : 1
 58-bit 2-to-1 multiplexer                             : 1
 59-bit 2-to-1 multiplexer                             : 1
 6-bit 2-to-1 multiplexer                              : 3
 60-bit 2-to-1 multiplexer                             : 1
 61-bit 2-to-1 multiplexer                             : 1
 62-bit 2-to-1 multiplexer                             : 1
 63-bit 2-to-1 multiplexer                             : 1
 64-bit 2-to-1 multiplexer                             : 454
 7-bit 2-to-1 multiplexer                              : 1
 8-bit 2-to-1 multiplexer                              : 10
 9-bit 2-to-1 multiplexer                              : 1
# Logic shifters                                       : 4
 496-bit shifter logical right                         : 4
# FSMs                                                 : 3
# Xors                                                 : 1
 1-bit xor2                                            : 1

=========================================================================

=========================================================================
*                       Advanced HDL Synthesis                          *
=========================================================================

Reading core <ipcore_dir/RAM.ngc>.
Loading core <RAM> for timing and area information for instance <R1>.
WARNING:Xst:1290 - Hierarchical block <debounce_pressed> is unconnected in block <brainwars_secondary>.
   It will be removed from the design.
WARNING:Xst:1710 - FF/Latch <check2_10> (without init value) has a constant value of 0 in block <game_follow_order>. This FF/Latch will be trimmed during the optimization process.
WARNING:Xst:1710 - FF/Latch <check2_9> (without init value) has a constant value of 0 in block <game_follow_order>. This FF/Latch will be trimmed during the optimization process.
WARNING:Xst:1710 - FF/Latch <check2_8> (without init value) has a constant value of 0 in block <game_follow_order>. This FF/Latch will be trimmed during the optimization process.
WARNING:Xst:1710 - FF/Latch <check2_14> (without init value) has a constant value of 0 in block <game_follow_order>. This FF/Latch will be trimmed during the optimization process.
WARNING:Xst:1710 - FF/Latch <check2_13> (without init value) has a constant value of 0 in block <game_follow_order>. This FF/Latch will be trimmed during the optimization process.
WARNING:Xst:1710 - FF/Latch <check2_12> (without init value) has a constant value of 0 in block <game_follow_order>. This FF/Latch will be trimmed during the optimization process.
WARNING:Xst:1710 - FF/Latch <check2_6> (without init value) has a constant value of 0 in block <game_follow_order>. This FF/Latch will be trimmed during the optimization process.
WARNING:Xst:1710 - FF/Latch <check2_5> (without init value) has a constant value of 0 in block <game_follow_order>. This FF/Latch will be trimmed during the optimization process.
WARNING:Xst:1710 - FF/Latch <check2_4> (without init value) has a constant value of 0 in block <game_follow_order>. This FF/Latch will be trimmed during the optimization process.
WARNING:Xst:1710 - FF/Latch <check2_2> (without init value) has a constant value of 0 in block <game_follow_order>. This FF/Latch will be trimmed during the optimization process.
WARNING:Xst:1710 - FF/Latch <check2_1> (without init value) has a constant value of 0 in block <game_follow_order>. This FF/Latch will be trimmed during the optimization process.
WARNING:Xst:1710 - FF/Latch <check2_0> (without init value) has a constant value of 0 in block <game_follow_order>. This FF/Latch will be trimmed during the optimization process.
WARNING:Xst:1710 - FF/Latch <check2_3> (without init value) has a constant value of 0 in block <game_follow_order>. This FF/Latch will be trimmed during the optimization process.
WARNING:Xst:1710 - FF/Latch <check2_7> (without init value) has a constant value of 0 in block <game_follow_order>. This FF/Latch will be trimmed during the optimization process.
WARNING:Xst:1710 - FF/Latch <check2_11> (without init value) has a constant value of 0 in block <game_follow_order>. This FF/Latch will be trimmed during the optimization process.
WARNING:Xst:1710 - FF/Latch <check2_15> (without init value) has a constant value of 0 in block <game_follow_order>. This FF/Latch will be trimmed during the optimization process.
WARNING:Xst:1710 - FF/Latch <show> (without init value) has a constant value of 0 in block <game_follow_order>. This FF/Latch will be trimmed during the optimization process.
WARNING:Xst:2677 - Node <rand_7> of sequential type is unconnected in block <random_producer>.
WARNING:Xst:2677 - Node <rand_8> of sequential type is unconnected in block <random_producer>.
WARNING:Xst:2677 - Node <rand_9> of sequential type is unconnected in block <random_producer>.
WARNING:Xst:2677 - Node <rand_10> of sequential type is unconnected in block <random_producer>.
WARNING:Xst:2677 - Node <rand_11> of sequential type is unconnected in block <random_producer>.
WARNING:Xst:2677 - Node <rand_12> of sequential type is unconnected in block <random_producer>.
WARNING:Xst:2677 - Node <rand_13> of sequential type is unconnected in block <random_producer>.
WARNING:Xst:2677 - Node <rand_14> of sequential type is unconnected in block <random_producer>.
WARNING:Xst:2677 - Node <rand_15> of sequential type is unconnected in block <random_producer>.

Synthesizing (advanced) Unit <RAM_ctrl>.
The following registers are absorbed into counter <cnt>: 1 register on signal <cnt>.
The following registers are absorbed into counter <addr>: 1 register on signal <addr>.
The following registers are absorbed into counter <counter_word>: 1 register on signal <counter_word>.
Unit <RAM_ctrl> synthesized (advanced).

Synthesizing (advanced) Unit <add3>.
INFO:Xst:3218 - HDL ADVISOR - The RAM <Mram_out> will be implemented on LUTs either because you have described an asynchronous read or because of currently unsupported block RAM features. If you have described an asynchronous read, making it synchronous would allow you to take advantage of available block RAM resources, for optimized device usage and improved timings. Please refer to your documentation for coding guidelines.
    -----------------------------------------------------------------------
    | ram_type           | Distributed                         |          |
    -----------------------------------------------------------------------
    | Port A                                                              |
    |     aspect ratio   | 16-word x 4-bit                     |          |
    |     weA            | connected to signal <GND>           | high     |
    |     addrA          | connected to signal <in>            |          |
    |     diA            | connected to signal <GND>           |          |
    |     doA            | connected to signal <out>           |          |
    -----------------------------------------------------------------------
Unit <add3> synthesized (advanced).

Synthesizing (advanced) Unit <clock_divider>.
The following registers are absorbed into counter <count>: 1 register on signal <count>.
Unit <clock_divider> synthesized (advanced).

Synthesizing (advanced) Unit <clock_generator>.
The following registers are absorbed into counter <count_10M>: 1 register on signal <count_10M>.
The following registers are absorbed into counter <count_200K>: 1 register on signal <count_200K>.
The following registers are absorbed into counter <count_1515151>: 1 register on signal <count_1515151>.
The following registers are absorbed into counter <count_20M>: 1 register on signal <count_20M>.
Unit <clock_generator> synthesized (advanced).

Synthesizing (advanced) Unit <follow_order>.
The following registers are absorbed into counter <cnt1>: 1 register on signal <cnt1>.
The following registers are absorbed into counter <cnt2>: 1 register on signal <cnt2>.
INFO:Xst:3231 - The small RAM <Mram__n0914> will be implemented on LUTs in order to maximize performance and save block RAM resources. If you want to force its implementation on block, use option/constraint ram_style.
    -----------------------------------------------------------------------
    | ram_type           | Distributed                         |          |
    -----------------------------------------------------------------------
    | Port A                                                              |
    |     aspect ratio   | 8-word x 64-bit                     |          |
    |     weA            | connected to signal <GND>           | high     |
    |     addrA          | connected to signal <check2_01>     |          |
    |     diA            | connected to signal <GND>           |          |
    |     doA            | connected to internal node          |          |
    -----------------------------------------------------------------------
INFO:Xst:3231 - The small RAM <Mram__n0889> will be implemented on LUTs in order to maximize performance and save block RAM resources. If you want to force its implementation on block, use option/constraint ram_style.
    -----------------------------------------------------------------------
    | ram_type           | Distributed                         |          |
    -----------------------------------------------------------------------
    | Port A                                                              |
    |     aspect ratio   | 8-word x 64-bit                     |          |
    |     weA            | connected to signal <GND>           | high     |
    |     addrA          | connected to signal <check2<0:2>>   |          |
    |     diA            | connected to signal <GND>           |          |
    |     doA            | connected to internal node          |          |
    -----------------------------------------------------------------------
INFO:Xst:3231 - The small RAM <Mram__n0939> will be implemented on LUTs in order to maximize performance and save block RAM resources. If you want to force its implementation on block, use option/constraint ram_style.
    -----------------------------------------------------------------------
    | ram_type           | Distributed                         |          |
    -----------------------------------------------------------------------
    | Port A                                                              |
    |     aspect ratio   | 8-word x 64-bit                     |          |
    |     weA            | connected to signal <GND>           | high     |
    |     addrA          | connected to signal <check2_02>     |          |
    |     diA            | connected to signal <GND>           |          |
    |     doA            | connected to internal node          |          |
    -----------------------------------------------------------------------
INFO:Xst:3231 - The small RAM <Mram__n0964> will be implemented on LUTs in order to maximize performance and save block RAM resources. If you want to force its implementation on block, use option/constraint ram_style.
    -----------------------------------------------------------------------
    | ram_type           | Distributed                         |          |
    -----------------------------------------------------------------------
    | Port A                                                              |
    |     aspect ratio   | 8-word x 64-bit                     |          |
    |     weA            | connected to signal <GND>           | high     |
    |     addrA          | connected to signal <check2_03>     |          |
    |     diA            | connected to signal <GND>           |          |
    |     doA            | connected to internal node          |          |
    -----------------------------------------------------------------------
Unit <follow_order> synthesized (advanced).

Synthesizing (advanced) Unit <keypad_scan>.
The following registers are absorbed into counter <sel>: 1 register on signal <sel>.
INFO:Xst:3218 - HDL ADVISOR - The RAM <Mram_row_n> will be implemented on LUTs either because you have described an asynchronous read or because of currently unsupported block RAM features. If you have described an asynchronous read, making it synchronous would allow you to take advantage of available block RAM resources, for optimized device usage and improved timings. Please refer to your documentation for coding guidelines.
    -----------------------------------------------------------------------
    | ram_type           | Distributed                         |          |
    -----------------------------------------------------------------------
    | Port A                                                              |
    |     aspect ratio   | 4-word x 4-bit                      |          |
    |     weA            | connected to signal <GND>           | high     |
    |     addrA          | connected to signal <sel>           |          |
    |     diA            | connected to signal <GND>           |          |
    |     doA            | connected to signal <row_n>         |          |
    -----------------------------------------------------------------------
Unit <keypad_scan> synthesized (advanced).

Synthesizing (advanced) Unit <lcd_ctrl>.
The following registers are absorbed into counter <x_cnt>: 1 register on signal <x_cnt>.
Unit <lcd_ctrl> synthesized (advanced).

Synthesizing (advanced) Unit <lcd_decoder>.
INFO:Xst:3218 - HDL ADVISOR - The RAM <Mram_mark> will be implemented on LUTs either because you have described an asynchronous read or because of currently unsupported block RAM features. If you have described an asynchronous read, making it synchronous would allow you to take advantage of available block RAM resources, for optimized device usage and improved timings. Please refer to your documentation for coding guidelines.
    -----------------------------------------------------------------------
    | ram_type           | Distributed                         |          |
    -----------------------------------------------------------------------
    | Port A                                                              |
    |     aspect ratio   | 256-word x 256-bit                  |          |
    |     weA            | connected to signal <GND>           | high     |
    |     addrA          | connected to signal <font>          |          |
    |     diA            | connected to signal <GND>           |          |
    |     doA            | connected to signal <mark>          |          |
    -----------------------------------------------------------------------
Unit <lcd_decoder> synthesized (advanced).

Synthesizing (advanced) Unit <point_cal_secondary>.
The following registers are absorbed into accumulator <score>: 1 register on signal <score>.
Unit <point_cal_secondary> synthesized (advanced).

Synthesizing (advanced) Unit <scan_ctl>.
INFO:Xst:3218 - HDL ADVISOR - The RAM <Mram_ssd_ctl> will be implemented on LUTs either because you have described an asynchronous read or because of currently unsupported block RAM features. If you have described an asynchronous read, making it synchronous would allow you to take advantage of available block RAM resources, for optimized device usage and improved timings. Please refer to your documentation for coding guidelines.
    -----------------------------------------------------------------------
    | ram_type           | Distributed                         |          |
    -----------------------------------------------------------------------
    | Port A                                                              |
    |     aspect ratio   | 4-word x 4-bit                      |          |
    |     weA            | connected to signal <GND>           | high     |
    |     addrA          | connected to signal <clk_ctl>       |          |
    |     diA            | connected to signal <GND>           |          |
    |     doA            | connected to signal <ssd_ctl>       |          |
    -----------------------------------------------------------------------
Unit <scan_ctl> synthesized (advanced).

Synthesizing (advanced) Unit <ssd_decoder>.
INFO:Xst:3218 - HDL ADVISOR - The RAM <Mram_ssd_out> will be implemented on LUTs either because you have described an asynchronous read or because of currently unsupported block RAM features. If you have described an asynchronous read, making it synchronous would allow you to take advantage of available block RAM resources, for optimized device usage and improved timings. Please refer to your documentation for coding guidelines.
    -----------------------------------------------------------------------
    | ram_type           | Distributed                         |          |
    -----------------------------------------------------------------------
    | Port A                                                              |
    |     aspect ratio   | 16-word x 15-bit                    |          |
    |     weA            | connected to signal <GND>           | high     |
    |     addrA          | connected to signal <bcd>           |          |
    |     diA            | connected to signal <GND>           |          |
    |     doA            | connected to signal <ssd_out>       |          |
    -----------------------------------------------------------------------
Unit <ssd_decoder> synthesized (advanced).

=========================================================================
Advanced HDL Synthesis Report

Macro Statistics
# RAMs                                                 : 18
 16x15-bit single-port distributed Read Only RAM       : 1
 16x4-bit single-port distributed Read Only RAM        : 7
 256x256-bit single-port distributed Read Only RAM     : 4
 4x4-bit single-port distributed Read Only RAM         : 2
 8x64-bit single-port distributed Read Only RAM        : 4
# Adders/Subtractors                                   : 14
 2-bit adder                                           : 1
 25-bit adder                                          : 1
 3-bit subtractor                                      : 1
 4-bit adder                                           : 1
 6-bit adder                                           : 1
 7-bit subtractor                                      : 1
 8-bit subtractor                                      : 2
 9-bit subtractor                                      : 6
# Counters                                             : 12
 18-bit up counter                                     : 1
 2-bit up counter                                      : 4
 22-bit up counter                                     : 1
 24-bit up counter                                     : 1
 25-bit up counter                                     : 1
 3-bit up counter                                      : 1
 6-bit up counter                                      : 2
 8-bit up counter                                      : 1
# Accumulators                                         : 1
 8-bit up accumulator                                  : 1
# Registers                                            : 655
 Flip-Flops                                            : 655
# Comparators                                          : 4
 3-bit comparator lessequal                            : 1
 4-bit comparator not equal                            : 3
# Multiplexers                                         : 572
 1-bit 2-to-1 multiplexer                              : 28
 1-bit 512-to-1 multiplexer                            : 8
 10-bit 2-to-1 multiplexer                             : 1
 11-bit 2-to-1 multiplexer                             : 1
 12-bit 2-to-1 multiplexer                             : 1
 13-bit 2-to-1 multiplexer                             : 1
 14-bit 2-to-1 multiplexer                             : 1
 15-bit 2-to-1 multiplexer                             : 1
 16-bit 2-to-1 multiplexer                             : 1
 17-bit 2-to-1 multiplexer                             : 1
 18-bit 2-to-1 multiplexer                             : 1
 19-bit 2-to-1 multiplexer                             : 1
 2-bit 2-to-1 multiplexer                              : 4
 20-bit 2-to-1 multiplexer                             : 1
 21-bit 2-to-1 multiplexer                             : 1
 22-bit 2-to-1 multiplexer                             : 1
 23-bit 2-to-1 multiplexer                             : 1
 24-bit 2-to-1 multiplexer                             : 1
 25-bit 2-to-1 multiplexer                             : 1
 26-bit 2-to-1 multiplexer                             : 1
 27-bit 2-to-1 multiplexer                             : 1
 28-bit 2-to-1 multiplexer                             : 1
 29-bit 2-to-1 multiplexer                             : 1
 3-bit 2-to-1 multiplexer                              : 1
 30-bit 2-to-1 multiplexer                             : 1
 31-bit 2-to-1 multiplexer                             : 1
 32-bit 2-to-1 multiplexer                             : 1
 32-bit 4-to-1 multiplexer                             : 1
 33-bit 2-to-1 multiplexer                             : 1
 34-bit 2-to-1 multiplexer                             : 1
 35-bit 2-to-1 multiplexer                             : 1
 36-bit 2-to-1 multiplexer                             : 1
 37-bit 2-to-1 multiplexer                             : 1
 38-bit 2-to-1 multiplexer                             : 1
 39-bit 2-to-1 multiplexer                             : 1
 4-bit 2-to-1 multiplexer                              : 6
 4-bit 4-to-1 multiplexer                              : 1
 40-bit 2-to-1 multiplexer                             : 1
 41-bit 2-to-1 multiplexer                             : 1
 42-bit 2-to-1 multiplexer                             : 1
 43-bit 2-to-1 multiplexer                             : 1
 44-bit 2-to-1 multiplexer                             : 1
 45-bit 2-to-1 multiplexer                             : 1
 46-bit 2-to-1 multiplexer                             : 1
 47-bit 2-to-1 multiplexer                             : 1
 48-bit 2-to-1 multiplexer                             : 1
 49-bit 2-to-1 multiplexer                             : 1
 5-bit 2-to-1 multiplexer                              : 1
 50-bit 2-to-1 multiplexer                             : 1
 51-bit 2-to-1 multiplexer                             : 1
 52-bit 2-to-1 multiplexer                             : 1
 53-bit 2-to-1 multiplexer                             : 1
 54-bit 2-to-1 multiplexer                             : 1
 55-bit 2-to-1 multiplexer                             : 1
 56-bit 2-to-1 multiplexer                             : 1
 57-bit 2-to-1 multiplexer                             : 1
 58-bit 2-to-1 multiplexer                             : 1
 59-bit 2-to-1 multiplexer                             : 1
 6-bit 2-to-1 multiplexer                              : 3
 60-bit 2-to-1 multiplexer                             : 1
 61-bit 2-to-1 multiplexer                             : 1
 62-bit 2-to-1 multiplexer                             : 1
 63-bit 2-to-1 multiplexer                             : 1
 64-bit 2-to-1 multiplexer                             : 454
 7-bit 2-to-1 multiplexer                              : 1
 8-bit 2-to-1 multiplexer                              : 9
 9-bit 2-to-1 multiplexer                              : 1
# Logic shifters                                       : 4
 496-bit shifter logical right                         : 4
# FSMs                                                 : 3
# Xors                                                 : 1
 1-bit xor2                                            : 1

=========================================================================

=========================================================================
*                         Low Level Synthesis                           *
=========================================================================
WARNING:Xst:1710 - FF/Latch <check2_10> (without init value) has a constant value of 0 in block <follow_order>. This FF/Latch will be trimmed during the optimization process.
WARNING:Xst:1895 - Due to other FF/Latch trimming, FF/Latch <check2_9> (without init value) has a constant value of 0 in block <follow_order>. This FF/Latch will be trimmed during the optimization process.
WARNING:Xst:1895 - Due to other FF/Latch trimming, FF/Latch <check2_8> (without init value) has a constant value of 0 in block <follow_order>. This FF/Latch will be trimmed during the optimization process.
WARNING:Xst:1895 - Due to other FF/Latch trimming, FF/Latch <check2_14> (without init value) has a constant value of 0 in block <follow_order>. This FF/Latch will be trimmed during the optimization process.
WARNING:Xst:1895 - Due to other FF/Latch trimming, FF/Latch <check2_13> (without init value) has a constant value of 0 in block <follow_order>. This FF/Latch will be trimmed during the optimization process.
WARNING:Xst:1895 - Due to other FF/Latch trimming, FF/Latch <check2_12> (without init value) has a constant value of 0 in block <follow_order>. This FF/Latch will be trimmed during the optimization process.
WARNING:Xst:1895 - Due to other FF/Latch trimming, FF/Latch <check2_6> (without init value) has a constant value of 0 in block <follow_order>. This FF/Latch will be trimmed during the optimization process.
WARNING:Xst:1895 - Due to other FF/Latch trimming, FF/Latch <check2_5> (without init value) has a constant value of 0 in block <follow_order>. This FF/Latch will be trimmed during the optimization process.
WARNING:Xst:1895 - Due to other FF/Latch trimming, FF/Latch <check2_4> (without init value) has a constant value of 0 in block <follow_order>. This FF/Latch will be trimmed during the optimization process.
WARNING:Xst:1895 - Due to other FF/Latch trimming, FF/Latch <check2_2> (without init value) has a constant value of 0 in block <follow_order>. This FF/Latch will be trimmed during the optimization process.
WARNING:Xst:1895 - Due to other FF/Latch trimming, FF/Latch <check2_1> (without init value) has a constant value of 0 in block <follow_order>. This FF/Latch will be trimmed during the optimization process.
WARNING:Xst:1895 - Due to other FF/Latch trimming, FF/Latch <check2_0> (without init value) has a constant value of 0 in block <follow_order>. This FF/Latch will be trimmed during the optimization process.
WARNING:Xst:1895 - Due to other FF/Latch trimming, FF/Latch <check2_3> (without init value) has a constant value of 0 in block <follow_order>. This FF/Latch will be trimmed during the optimization process.
WARNING:Xst:1895 - Due to other FF/Latch trimming, FF/Latch <check2_7> (without init value) has a constant value of 0 in block <follow_order>. This FF/Latch will be trimmed during the optimization process.
WARNING:Xst:1895 - Due to other FF/Latch trimming, FF/Latch <check2_11> (without init value) has a constant value of 0 in block <follow_order>. This FF/Latch will be trimmed during the optimization process.
WARNING:Xst:1895 - Due to other FF/Latch trimming, FF/Latch <check2_15> (without init value) has a constant value of 0 in block <follow_order>. This FF/Latch will be trimmed during the optimization process.
WARNING:Xst:1895 - Due to other FF/Latch trimming, FF/Latch <show> (without init value) has a constant value of 0 in block <follow_order>. This FF/Latch will be trimmed during the optimization process.
WARNING:Xst:2677 - Node <clock_generate/clk_66> of sequential type is unconnected in block <brainwars_secondary>.
WARNING:Xst:2677 - Node <clock_generate/clk_1> of sequential type is unconnected in block <brainwars_secondary>.
Analyzing FSM <MFsm> for best encoding.
Optimizing FSM <game_follow_order/FSM_0> on signal <state[1:1]> with sequential encoding.
-------------------
 State | Encoding
-------------------
 00    | 0
 01    | 1
 10    | unreached
-------------------
Analyzing FSM <MFsm> for best encoding.
Optimizing FSM <RAM_controller/FSM_1> on signal <state[1:2]> with user encoding.
-------------------
 State | Encoding
-------------------
 00    | 00
 10    | 10
 01    | 01
 11    | 11
-------------------
Analyzing FSM <MFsm> for best encoding.
Optimizing FSM <LCD_controller/FSM_2> on signal <state[1:3]> with user encoding.
-------------------
 State | Encoding
-------------------
 000   | 000
 101   | 101
 100   | 100
 001   | 001
 011   | 011
 010   | 010
-------------------

Optimizing unit <brainwars_secondary> ...

Optimizing unit <keypad_scan> ...

Optimizing unit <freq_div> ...

Optimizing unit <random_secondary> ...

Optimizing unit <debounce> ...

Optimizing unit <follow_order> ...

Optimizing unit <binary_converter> ...

Optimizing unit <RAM_ctrl> ...

Optimizing unit <lcd_ctrl> ...
WARNING:Xst:1710 - FF/Latch <point_calculator/score_0> (without init value) has a constant value of 0 in block <brainwars_secondary>. This FF/Latch will be trimmed during the optimization process.
WARNING:Xst:1710 - FF/Latch <point_calculator/score_1> (without init value) has a constant value of 0 in block <brainwars_secondary>. This FF/Latch will be trimmed during the optimization process.
WARNING:Xst:1710 - FF/Latch <point_calculator/score_2> (without init value) has a constant value of 0 in block <brainwars_secondary>. This FF/Latch will be trimmed during the optimization process.
WARNING:Xst:1710 - FF/Latch <point_calculator/score_3> (without init value) has a constant value of 0 in block <brainwars_secondary>. This FF/Latch will be trimmed during the optimization process.
WARNING:Xst:1710 - FF/Latch <point_calculator/score_4> (without init value) has a constant value of 0 in block <brainwars_secondary>. This FF/Latch will be trimmed during the optimization process.
WARNING:Xst:1710 - FF/Latch <point_calculator/score_5> (without init value) has a constant value of 0 in block <brainwars_secondary>. This FF/Latch will be trimmed during the optimization process.
WARNING:Xst:1710 - FF/Latch <point_calculator/score_6> (without init value) has a constant value of 0 in block <brainwars_secondary>. This FF/Latch will be trimmed during the optimization process.
WARNING:Xst:1710 - FF/Latch <point_calculator/score_7> (without init value) has a constant value of 0 in block <brainwars_secondary>. This FF/Latch will be trimmed during the optimization process.
WARNING:Xst:2677 - Node <clock_generate/clk_2> of sequential type is unconnected in block <brainwars_secondary>.
WARNING:Xst:2677 - Node <debounce_pressed/pulse/in_trig_delay> of sequential type is unconnected in block <brainwars_secondary>.
WARNING:Xst:2677 - Node <debounce_pressed/pulse/out_pulse> of sequential type is unconnected in block <brainwars_secondary>.
WARNING:Xst:2677 - Node <clock_generate/count_10M_0> of sequential type is unconnected in block <brainwars_secondary>.
WARNING:Xst:2677 - Node <clock_generate/count_10M_1> of sequential type is unconnected in block <brainwars_secondary>.
WARNING:Xst:2677 - Node <clock_generate/count_10M_2> of sequential type is unconnected in block <brainwars_secondary>.
WARNING:Xst:2677 - Node <clock_generate/count_10M_3> of sequential type is unconnected in block <brainwars_secondary>.
WARNING:Xst:2677 - Node <clock_generate/count_10M_4> of sequential type is unconnected in block <brainwars_secondary>.
WARNING:Xst:2677 - Node <clock_generate/count_10M_5> of sequential type is unconnected in block <brainwars_secondary>.
WARNING:Xst:2677 - Node <clock_generate/count_10M_6> of sequential type is unconnected in block <brainwars_secondary>.
WARNING:Xst:2677 - Node <clock_generate/count_10M_7> of sequential type is unconnected in block <brainwars_secondary>.
WARNING:Xst:2677 - Node <clock_generate/count_10M_8> of sequential type is unconnected in block <brainwars_secondary>.
WARNING:Xst:2677 - Node <clock_generate/count_10M_9> of sequential type is unconnected in block <brainwars_secondary>.
WARNING:Xst:2677 - Node <clock_generate/count_10M_10> of sequential type is unconnected in block <brainwars_secondary>.
WARNING:Xst:2677 - Node <clock_generate/count_10M_11> of sequential type is unconnected in block <brainwars_secondary>.
WARNING:Xst:2677 - Node <clock_generate/count_10M_12> of sequential type is unconnected in block <brainwars_secondary>.
WARNING:Xst:2677 - Node <clock_generate/count_10M_13> of sequential type is unconnected in block <brainwars_secondary>.
WARNING:Xst:2677 - Node <clock_generate/count_10M_14> of sequential type is unconnected in block <brainwars_secondary>.
WARNING:Xst:2677 - Node <clock_generate/count_10M_15> of sequential type is unconnected in block <brainwars_secondary>.
WARNING:Xst:2677 - Node <clock_generate/count_10M_16> of sequential type is unconnected in block <brainwars_secondary>.
WARNING:Xst:2677 - Node <clock_generate/count_10M_17> of sequential type is unconnected in block <brainwars_secondary>.
WARNING:Xst:2677 - Node <clock_generate/count_10M_18> of sequential type is unconnected in block <brainwars_secondary>.
WARNING:Xst:2677 - Node <clock_generate/count_10M_19> of sequential type is unconnected in block <brainwars_secondary>.
WARNING:Xst:2677 - Node <clock_generate/count_10M_20> of sequential type is unconnected in block <brainwars_secondary>.
WARNING:Xst:2677 - Node <clock_generate/count_10M_21> of sequential type is unconnected in block <brainwars_secondary>.
WARNING:Xst:2677 - Node <clock_generate/count_10M_22> of sequential type is unconnected in block <brainwars_secondary>.
WARNING:Xst:2677 - Node <clock_generate/count_10M_23> of sequential type is unconnected in block <brainwars_secondary>.
WARNING:Xst:2677 - Node <keypad_scanner/pressed> of sequential type is unconnected in block <brainwars_secondary>.
WARNING:Xst:2677 - Node <keypad_scanner/pause_delay_3> of sequential type is unconnected in block <brainwars_secondary>.
WARNING:Xst:2677 - Node <keypad_scanner/pause_delay_2> of sequential type is unconnected in block <brainwars_secondary>.
WARNING:Xst:2677 - Node <keypad_scanner/pause_delay_1> of sequential type is unconnected in block <brainwars_secondary>.
WARNING:Xst:2677 - Node <keypad_scanner/pause_delay_0> of sequential type is unconnected in block <brainwars_secondary>.
WARNING:Xst:2677 - Node <keypad_scanner/keypad_state> of sequential type is unconnected in block <brainwars_secondary>.
WARNING:Xst:2677 - Node <keypad_scanner/key_3> of sequential type is unconnected in block <brainwars_secondary>.
WARNING:Xst:2677 - Node <keypad_scanner/key_2> of sequential type is unconnected in block <brainwars_secondary>.
WARNING:Xst:2677 - Node <keypad_scanner/key_1> of sequential type is unconnected in block <brainwars_secondary>.
WARNING:Xst:2677 - Node <keypad_scanner/key_0> of sequential type is unconnected in block <brainwars_secondary>.
WARNING:Xst:2677 - Node <frequency_divider/clk_out> of sequential type is unconnected in block <brainwars_secondary>.
WARNING:Xst:2677 - Node <frequency_divider/cnt_h_6> of sequential type is unconnected in block <brainwars_secondary>.
WARNING:Xst:2677 - Node <frequency_divider/cnt_h_5> of sequential type is unconnected in block <brainwars_secondary>.
WARNING:Xst:2677 - Node <frequency_divider/cnt_h_4> of sequential type is unconnected in block <brainwars_secondary>.
WARNING:Xst:2677 - Node <frequency_divider/cnt_h_3> of sequential type is unconnected in block <brainwars_secondary>.
WARNING:Xst:2677 - Node <frequency_divider/cnt_h_2> of sequential type is unconnected in block <brainwars_secondary>.
WARNING:Xst:2677 - Node <frequency_divider/cnt_h_1> of sequential type is unconnected in block <brainwars_secondary>.
WARNING:Xst:2677 - Node <frequency_divider/cnt_h_0> of sequential type is unconnected in block <brainwars_secondary>.
WARNING:Xst:2677 - Node <random_producer/LED_15> of sequential type is unconnected in block <brainwars_secondary>.
WARNING:Xst:2677 - Node <random_producer/LED_14> of sequential type is unconnected in block <brainwars_secondary>.
WARNING:Xst:2677 - Node <random_producer/LED_13> of sequential type is unconnected in block <brainwars_secondary>.
WARNING:Xst:2677 - Node <random_producer/LED_12> of sequential type is unconnected in block <brainwars_secondary>.
WARNING:Xst:2677 - Node <random_producer/LED_11> of sequential type is unconnected in block <brainwars_secondary>.
WARNING:Xst:2677 - Node <random_producer/LED_10> of sequential type is unconnected in block <brainwars_secondary>.
WARNING:Xst:2677 - Node <random_producer/LED_9> of sequential type is unconnected in block <brainwars_secondary>.
WARNING:Xst:2677 - Node <random_producer/LED_8> of sequential type is unconnected in block <brainwars_secondary>.
WARNING:Xst:2677 - Node <random_producer/LED_7> of sequential type is unconnected in block <brainwars_secondary>.
WARNING:Xst:2677 - Node <random_producer/LED_6> of sequential type is unconnected in block <brainwars_secondary>.
WARNING:Xst:2677 - Node <random_producer/LED_5> of sequential type is unconnected in block <brainwars_secondary>.
WARNING:Xst:2677 - Node <random_producer/LED_4> of sequential type is unconnected in block <brainwars_secondary>.
WARNING:Xst:2677 - Node <random_producer/LED_3> of sequential type is unconnected in block <brainwars_secondary>.
WARNING:Xst:2677 - Node <random_producer/LED_2> of sequential type is unconnected in block <brainwars_secondary>.
WARNING:Xst:2677 - Node <random_producer/LED_1> of sequential type is unconnected in block <brainwars_secondary>.
WARNING:Xst:2677 - Node <random_producer/LED_0> of sequential type is unconnected in block <brainwars_secondary>.
WARNING:Xst:2677 - Node <random_producer/rand_15> of sequential type is unconnected in block <brainwars_secondary>.
WARNING:Xst:2677 - Node <random_producer/rand_14> of sequential type is unconnected in block <brainwars_secondary>.
WARNING:Xst:2677 - Node <random_producer/rand_13> of sequential type is unconnected in block <brainwars_secondary>.
WARNING:Xst:2677 - Node <random_producer/rand_12> of sequential type is unconnected in block <brainwars_secondary>.
WARNING:Xst:2677 - Node <random_producer/rand_11> of sequential type is unconnected in block <brainwars_secondary>.
WARNING:Xst:2677 - Node <random_producer/rand_10> of sequential type is unconnected in block <brainwars_secondary>.
WARNING:Xst:2677 - Node <random_producer/rand_9> of sequential type is unconnected in block <brainwars_secondary>.
WARNING:Xst:2677 - Node <random_producer/rand_8> of sequential type is unconnected in block <brainwars_secondary>.
WARNING:Xst:2677 - Node <random_producer/rand_7> of sequential type is unconnected in block <brainwars_secondary>.
WARNING:Xst:2677 - Node <debounce_pressed/debounce/pb_debounced> of sequential type is unconnected in block <brainwars_secondary>.
WARNING:Xst:2677 - Node <debounce_pressed/debounce/debounce_window_3> of sequential type is unconnected in block <brainwars_secondary>.
WARNING:Xst:2677 - Node <debounce_pressed/debounce/debounce_window_2> of sequential type is unconnected in block <brainwars_secondary>.
WARNING:Xst:2677 - Node <debounce_pressed/debounce/debounce_window_1> of sequential type is unconnected in block <brainwars_secondary>.
WARNING:Xst:2677 - Node <debounce_pressed/debounce/debounce_window_0> of sequential type is unconnected in block <brainwars_secondary>.

Mapping all equations...
Building and optimizing final netlist ...
Found area constraint ratio of 100 (+ 5) on block brainwars_secondary, actual ratio is 25.

Final Macro Processing ...

=========================================================================
Final Register Report

Macro Statistics
# Registers                                            : 638
 Flip-Flops                                            : 638

=========================================================================

=========================================================================
*                           Partition Report                            *
=========================================================================

Partition Implementation Status
-------------------------------

  No Partitions were found in this design.

-------------------------------

=========================================================================
*                            Design Summary                             *
=========================================================================

Top Level Output File Name         : brainwars_secondary.ngc

Primitive and Black Box Usage:
------------------------------
# BELS                             : 2490
#      GND                         : 2
#      INV                         : 13
#      LUT1                        : 33
#      LUT2                        : 24
#      LUT3                        : 36
#      LUT4                        : 24
#      LUT5                        : 547
#      LUT6                        : 981
#      MUXCY                       : 40
#      MUXF7                       : 496
#      MUXF8                       : 249
#      VCC                         : 2
#      XORCY                       : 43
# FlipFlops/Latches                : 638
#      FDC                         : 67
#      FDCE                        : 548
#      FDP                         : 6
#      FDPE                        : 17
# RAMS                             : 1
#      RAMB16BWER                  : 1
# Clock Buffers                    : 3
#      BUFG                        : 2
#      BUFGP                       : 1
# IO Buffers                       : 54
#      IBUF                        : 1
#      OBUF                        : 53

Device utilization summary:
---------------------------

Selected Device : 6slx16csg324-3 


Slice Logic Utilization: 
 Number of Slice Registers:             638  out of  18224     3%  
 Number of Slice LUTs:                 1658  out of   9112    18%  
    Number used as Logic:              1658  out of   9112    18%  

Slice Logic Distribution: 
 Number of LUT Flip Flop pairs used:   1675
   Number with an unused Flip Flop:    1037  out of   1675    61%  
   Number with an unused LUT:            17  out of   1675     1%  
   Number of fully used LUT-FF pairs:   621  out of   1675    37%  
   Number of unique control sets:        18

IO Utilization: 
 Number of IOs:                          59
 Number of bonded IOBs:                  55  out of    232    23%  

Specific Feature Utilization:
 Number of Block RAM/FIFO:                1  out of     32     3%  
    Number using Block RAM only:          1
 Number of BUFG/BUFGCTRLs:                3  out of     16    18%  

---------------------------
Partition Resource Summary:
---------------------------

  No Partitions were found in this design.

---------------------------


=========================================================================
Timing Report

NOTE: THESE TIMING NUMBERS ARE ONLY A SYNTHESIS ESTIMATE.
      FOR ACCURATE TIMING INFORMATION PLEASE REFER TO THE TRACE REPORT
      GENERATED AFTER PLACE-and-ROUTE.

Clock Information:
------------------
-----------------------------------+------------------------+-------+
Clock Signal                       | Clock buffer(FF name)  | Load  |
-----------------------------------+------------------------+-------+
clk                                | BUFGP                  | 45    |
clock_generate/clk_100             | BUFG                   | 28    |
clk100K/clk_div                    | BUFG                   | 566   |
-----------------------------------+------------------------+-------+

Asynchronous Control Signals Information:
----------------------------------------
No asynchronous control signals found in this design

Timing Summary:
---------------
Speed Grade: -3

   Minimum period: 8.172ns (Maximum Frequency: 122.363MHz)
   Minimum input arrival time before clock: 4.594ns
   Maximum output required time after clock: 4.682ns
   Maximum combinational path delay: 4.409ns

Timing Details:
---------------
All values displayed in nanoseconds (ns)

=========================================================================
Timing constraint: Default period analysis for Clock 'clk'
  Clock period: 4.956ns (frequency: 201.778MHz)
  Total number of paths / destination ports: 1043 / 47
-------------------------------------------------------------------------
Delay:               4.956ns (Levels of Logic = 3)
  Source:            clock_generate/count_200K_6 (FF)
  Destination:       clock_generate/clk_100 (FF)
  Source Clock:      clk rising
  Destination Clock: clk rising

  Data Path: clock_generate/count_200K_6 to clock_generate/clk_100
                                Gate     Net
    Cell:in->out      fanout   Delay   Delay  Logical Name (Net Name)
    ----------------------------------------  ------------
     FDC:C->Q              2   0.447   0.981  clock_generate/count_200K_6 (clock_generate/count_200K_6)
     LUT6:I0->O            1   0.203   0.944  clock_generate/GND_3_o_GND_3_o_equal_9_o<17>1 (clock_generate/GND_3_o_GND_3_o_equal_9_o<17>)
     LUT6:I0->O           19   0.203   1.072  clock_generate/GND_3_o_GND_3_o_equal_9_o<17>2 (clock_generate/GND_3_o_GND_3_o_equal_9_o<17>1)
     LUT4:I3->O            1   0.205   0.579  clock_generate/GND_3_o_GND_3_o_equal_9_o<17>4 (clock_generate/GND_3_o_GND_3_o_equal_9_o)
     FDCE:CE                   0.322          clock_generate/clk_100
    ----------------------------------------
    Total                      4.956ns (1.380ns logic, 3.576ns route)
                                       (27.8% logic, 72.2% route)

=========================================================================
Timing constraint: Default period analysis for Clock 'clock_generate/clk_100'
  Clock period: 5.694ns (frequency: 175.610MHz)
  Total number of paths / destination ports: 261 / 40
-------------------------------------------------------------------------
Delay:               5.694ns (Levels of Logic = 4)
  Source:            random_producer/rand_0 (FF)
  Destination:       game_follow_order/check1_15 (FF)
  Source Clock:      clock_generate/clk_100 rising
  Destination Clock: clock_generate/clk_100 rising

  Data Path: random_producer/rand_0 to game_follow_order/check1_15
                                Gate     Net
    Cell:in->out      fanout   Delay   Delay  Logical Name (Net Name)
    ----------------------------------------  ------------
     FDP:C->Q              8   0.447   0.907  random_producer/rand_0 (random_producer/rand_0)
     LUT2:I0->O            1   0.203   0.580  game_follow_order/_n0991_inv1_SW0 (N8)
     LUT6:I5->O            2   0.205   0.981  game_follow_order/_n0991_inv1 (game_follow_order/_n0991_inv1)
     LUT6:I0->O            2   0.203   0.961  game_follow_order/_n0991_inv2 (game_follow_order/_n0991_inv2)
     LUT6:I1->O            4   0.203   0.683  game_follow_order/_n0991_inv (game_follow_order/_n0991_inv)
     FDPE:CE                   0.322          game_follow_order/check1_14
    ----------------------------------------
    Total                      5.694ns (1.583ns logic, 4.111ns route)
                                       (27.8% logic, 72.2% route)

=========================================================================
Timing constraint: Default period analysis for Clock 'clk100K/clk_div'
  Clock period: 8.172ns (frequency: 122.363MHz)
  Total number of paths / destination ports: 13022 / 1148
-------------------------------------------------------------------------
Delay:               8.172ns (Levels of Logic = 8)
  Source:            RAM_controller/cnt_1 (FF)
  Destination:       RAM_controller/R1/U0/xst_blk_mem_generator/gnativebmg.native_blk_mem_gen/valid.cstr/ramloop[0].ram.r/s6_init.ram/SP.WIDE_PRIM18.ram (RAM)
  Source Clock:      clk100K/clk_div rising
  Destination Clock: clk100K/clk_div rising

  Data Path: RAM_controller/cnt_1 to RAM_controller/R1/U0/xst_blk_mem_generator/gnativebmg.native_blk_mem_gen/valid.cstr/ramloop[0].ram.r/s6_init.ram/SP.WIDE_PRIM18.ram
                                Gate     Net
    Cell:in->out      fanout   Delay   Delay  Logical Name (Net Name)
    ----------------------------------------  ------------
     FDCE:C->Q             3   0.447   0.755  RAM_controller/cnt_1 (RAM_controller/cnt_1)
     LUT2:I0->O         1392   0.203   2.549  RAM_controller/Mmux_translate271 (RAM_controller/translate<0>)
     LUT6:I2->O            1   0.203   0.000  RAM_controller_decoder4/Mram_mark344 (RAM_controller_decoder4/Mram_mark344)
     MUXF7:I1->O           1   0.140   0.000  RAM_controller_decoder4/Mram_mark344_f7 (RAM_controller_decoder4/Mram_mark344_f7)
     MUXF8:I1->O           1   0.152   0.827  RAM_controller_decoder4/Mram_mark344_f8 (RAM_controller/Sh6364)
     LUT6:I2->O            1   0.203   0.827  RAM_controller/Mmux_data_in42 (RAM_controller/Mmux_data_in41)
     LUT6:I2->O            1   0.203   0.580  RAM_controller/Mmux_data_in46 (RAM_controller/Mmux_data_in44)
     LUT3:I2->O            1   0.205   0.579  RAM_controller/Mmux_data_in47 (RAM_controller/data_in<12>)
     begin scope: 'RAM_controller/R1:dina<12>'
     RAMB16BWER:DIA12          0.300          U0/xst_blk_mem_generator/gnativebmg.native_blk_mem_gen/valid.cstr/ramloop[0].ram.r/s6_init.ram/SP.WIDE_PRIM18.ram
    ----------------------------------------
    Total                      8.172ns (2.056ns logic, 6.116ns route)
                                       (25.2% logic, 74.8% route)

=========================================================================
Timing constraint: Default OFFSET IN BEFORE for Clock 'clk'
  Total number of paths / destination ports: 45 / 45
-------------------------------------------------------------------------
Offset:              4.594ns (Levels of Logic = 2)
  Source:            rst_n (PAD)
  Destination:       clock_generate/clk_100 (FF)
  Destination Clock: clk rising

  Data Path: rst_n to clock_generate/clk_100
                                Gate     Net
    Cell:in->out      fanout   Delay   Delay  Logical Name (Net Name)
    ----------------------------------------  ------------
     IBUF:I->O             2   1.222   0.616  rst_n_IBUF (rst_n_IBUF)
     INV:I->O            638   0.206   2.120  clk100K/rst_n_inv1_INV_0 (LCD_controller/rst_n_inv)
     FDCE:CLR                  0.430          clk100K/clk_div
    ----------------------------------------
    Total                      4.594ns (1.858ns logic, 2.736ns route)
                                       (40.4% logic, 59.6% route)

=========================================================================
Timing constraint: Default OFFSET IN BEFORE for Clock 'clock_generate/clk_100'
  Total number of paths / destination ports: 28 / 28
-------------------------------------------------------------------------
Offset:              4.594ns (Levels of Logic = 2)
  Source:            rst_n (PAD)
  Destination:       keypad_scanner/sel_1 (FF)
  Destination Clock: clock_generate/clk_100 rising

  Data Path: rst_n to keypad_scanner/sel_1
                                Gate     Net
    Cell:in->out      fanout   Delay   Delay  Logical Name (Net Name)
    ----------------------------------------  ------------
     IBUF:I->O             2   1.222   0.616  rst_n_IBUF (rst_n_IBUF)
     INV:I->O            638   0.206   2.120  clk100K/rst_n_inv1_INV_0 (LCD_controller/rst_n_inv)
     FDC:CLR                   0.430          keypad_scanner/sel_0
    ----------------------------------------
    Total                      4.594ns (1.858ns logic, 2.736ns route)
                                       (40.4% logic, 59.6% route)

=========================================================================
Timing constraint: Default OFFSET IN BEFORE for Clock 'clk100K/clk_div'
  Total number of paths / destination ports: 565 / 565
-------------------------------------------------------------------------
Offset:              4.594ns (Levels of Logic = 2)
  Source:            rst_n (PAD)
  Destination:       RAM_controller/counter_word_5 (FF)
  Destination Clock: clk100K/clk_div rising

  Data Path: rst_n to RAM_controller/counter_word_5
                                Gate     Net
    Cell:in->out      fanout   Delay   Delay  Logical Name (Net Name)
    ----------------------------------------  ------------
     IBUF:I->O             2   1.222   0.616  rst_n_IBUF (rst_n_IBUF)
     INV:I->O            638   0.206   2.120  clk100K/rst_n_inv1_INV_0 (LCD_controller/rst_n_inv)
     FDP:PRE                   0.430          LCD_controller/LCD_en
    ----------------------------------------
    Total                      4.594ns (1.858ns logic, 2.736ns route)
                                       (40.4% logic, 59.6% route)

=========================================================================
Timing constraint: Default OFFSET OUT AFTER for Clock 'clk'
  Total number of paths / destination ports: 12 / 9
-------------------------------------------------------------------------
Offset:              4.682ns (Levels of Logic = 2)
  Source:            frequency_divider/clk_ctl_1 (FF)
  Destination:       display<14> (PAD)
  Source Clock:      clk rising

  Data Path: frequency_divider/clk_ctl_1 to display<14>
                                Gate     Net
    Cell:in->out      fanout   Delay   Delay  Logical Name (Net Name)
    ----------------------------------------  ------------
     FDC:C->Q              5   0.447   0.714  frequency_divider/clk_ctl_1 (frequency_divider/clk_ctl_1)
     INV:I->O              6   0.206   0.744  scan_controller/Mmux_bcd_out41_INV_0 (display_11_OBUF)
     OBUF:I->O                 2.571          display_11_OBUF (display<11>)
    ----------------------------------------
    Total                      4.682ns (3.224ns logic, 1.458ns route)
                                       (68.9% logic, 31.1% route)

=========================================================================
Timing constraint: Default OFFSET OUT AFTER for Clock 'clock_generate/clk_100'
  Total number of paths / destination ports: 24 / 20
-------------------------------------------------------------------------
Offset:              4.649ns (Levels of Logic = 2)
  Source:            keypad_scanner/sel_0 (FF)
  Destination:       row_n<2> (PAD)
  Source Clock:      clock_generate/clk_100 rising

  Data Path: keypad_scanner/sel_0 to row_n<2>
                                Gate     Net
    Cell:in->out      fanout   Delay   Delay  Logical Name (Net Name)
    ----------------------------------------  ------------
     FDC:C->Q              6   0.447   0.849  keypad_scanner/sel_0 (keypad_scanner/sel_0)
     LUT2:I0->O            1   0.203   0.579  keypad_scanner/Mram_row_n21 (row_n_2_OBUF)
     OBUF:I->O                 2.571          row_n_2_OBUF (row_n<2>)
    ----------------------------------------
    Total                      4.649ns (3.221ns logic, 1.428ns route)
                                       (69.3% logic, 30.7% route)

=========================================================================
Timing constraint: Default OFFSET OUT AFTER for Clock 'clk100K/clk_div'
  Total number of paths / destination ports: 10 / 10
-------------------------------------------------------------------------
Offset:              3.874ns (Levels of Logic = 1)
  Source:            LCD_controller/LCD_en (FF)
  Destination:       LCD_en (PAD)
  Source Clock:      clk100K/clk_div rising

  Data Path: LCD_controller/LCD_en to LCD_en
                                Gate     Net
    Cell:in->out      fanout   Delay   Delay  Logical Name (Net Name)
    ----------------------------------------  ------------
     FDP:C->Q             10   0.447   0.856  LCD_controller/LCD_en (LCD_controller/LCD_en)
     OBUF:I->O                 2.571          LCD_en_OBUF (LCD_en)
    ----------------------------------------
    Total                      3.874ns (3.018ns logic, 0.856ns route)
                                       (77.9% logic, 22.1% route)

=========================================================================
Timing constraint: Default path analysis
  Total number of paths / destination ports: 1 / 1
-------------------------------------------------------------------------
Delay:               4.409ns (Levels of Logic = 2)
  Source:            rst_n (PAD)
  Destination:       LCD_rst (PAD)

  Data Path: rst_n to LCD_rst
                                Gate     Net
    Cell:in->out      fanout   Delay   Delay  Logical Name (Net Name)
    ----------------------------------------  ------------
     IBUF:I->O             2   1.222   0.616  rst_n_IBUF (rst_n_IBUF)
     OBUF:I->O                 2.571          LCD_rst_OBUF (LCD_rst)
    ----------------------------------------
    Total                      4.409ns (3.793ns logic, 0.616ns route)
                                       (86.0% logic, 14.0% route)

=========================================================================

Cross Clock Domains Report:
--------------------------

Clock to Setup on destination clock clk
---------------+---------+---------+---------+---------+
               | Src:Rise| Src:Fall| Src:Rise| Src:Fall|
Source Clock   |Dest:Rise|Dest:Rise|Dest:Fall|Dest:Fall|
---------------+---------+---------+---------+---------+
clk            |    4.956|         |         |         |
---------------+---------+---------+---------+---------+

Clock to Setup on destination clock clk100K/clk_div
---------------+---------+---------+---------+---------+
               | Src:Rise| Src:Fall| Src:Rise| Src:Fall|
Source Clock   |Dest:Rise|Dest:Rise|Dest:Fall|Dest:Fall|
---------------+---------+---------+---------+---------+
clk100K/clk_div|    8.172|         |         |         |
---------------+---------+---------+---------+---------+

Clock to Setup on destination clock clock_generate/clk_100
----------------------+---------+---------+---------+---------+
                      | Src:Rise| Src:Fall| Src:Rise| Src:Fall|
Source Clock          |Dest:Rise|Dest:Rise|Dest:Fall|Dest:Fall|
----------------------+---------+---------+---------+---------+
clock_generate/clk_100|    5.694|         |         |         |
----------------------+---------+---------+---------+---------+

=========================================================================


Total REAL time to Xst completion: 67.00 secs
Total CPU time to Xst completion: 67.12 secs
 
--> 

Total memory usage is 374452 kilobytes

Number of errors   :    0 (   0 filtered)
Number of warnings :  150 (   0 filtered)
Number of infos    :   15 (   0 filtered)

