Release 14.7 - xst P.20131013 (nt64)
Copyright (c) 1995-2013 Xilinx, Inc.  All rights reserved.
--> Parameter TMPDIR set to xst/projnav.tmp


Total REAL time to Xst completion: 1.00 secs
Total CPU time to Xst completion: 0.22 secs
 
--> Parameter xsthdpdir set to xst


Total REAL time to Xst completion: 1.00 secs
Total CPU time to Xst completion: 0.22 secs
 
--> Reading design: autoplay_music.prj

TABLE OF CONTENTS
  1) Synthesis Options Summary
  2) HDL Parsing
  3) HDL Elaboration
  4) HDL Synthesis
       4.1) HDL Synthesis Report
  5) Advanced HDL Synthesis
       5.1) Advanced HDL Synthesis Report
  6) Low Level Synthesis
  7) Partition Report
  8) Design Summary
       8.1) Primitive and Black Box Usage
       8.2) Device utilization summary
       8.3) Partition Resource Summary
       8.4) Timing Report
            8.4.1) Clock Information
            8.4.2) Asynchronous Control Signals Information
            8.4.3) Timing Summary
            8.4.4) Timing Details
            8.4.5) Cross Clock Domains Report


=========================================================================
*                      Synthesis Options Summary                        *
=========================================================================
---- Source Parameters
Input File Name                    : "autoplay_music.prj"
Ignore Synthesis Constraint File   : NO

---- Target Parameters
Output File Name                   : "autoplay_music"
Output Format                      : NGC
Target Device                      : xc6slx16-3-csg324

---- Source Options
Top Module Name                    : autoplay_music
Automatic FSM Extraction           : YES
FSM Encoding Algorithm             : Auto
Safe Implementation                : No
FSM Style                          : LUT
RAM Extraction                     : Yes
RAM Style                          : Auto
ROM Extraction                     : Yes
Shift Register Extraction          : YES
ROM Style                          : Auto
Resource Sharing                   : YES
Asynchronous To Synchronous        : NO
Shift Register Minimum Size        : 2
Use DSP Block                      : Auto
Automatic Register Balancing       : No

---- Target Options
LUT Combining                      : Auto
Reduce Control Sets                : Auto
Add IO Buffers                     : YES
Global Maximum Fanout              : 100000
Add Generic Clock Buffer(BUFG)     : 16
Register Duplication               : YES
Optimize Instantiated Primitives   : NO
Use Clock Enable                   : Auto
Use Synchronous Set                : Auto
Use Synchronous Reset              : Auto
Pack IO Registers into IOBs        : Auto
Equivalent register Removal        : YES

---- General Options
Optimization Goal                  : Speed
Optimization Effort                : 1
Power Reduction                    : NO
Keep Hierarchy                     : No
Netlist Hierarchy                  : As_Optimized
RTL Output                         : Yes
Global Optimization                : AllClockNets
Read Cores                         : YES
Write Timing Constraints           : NO
Cross Clock Analysis               : NO
Hierarchy Separator                : /
Bus Delimiter                      : <>
Case Specifier                     : Maintain
Slice Utilization Ratio            : 100
BRAM Utilization Ratio             : 100
DSP48 Utilization Ratio            : 100
Auto BRAM Packing                  : NO
Slice Utilization Ratio Delta      : 5

=========================================================================


=========================================================================
*                          HDL Parsing                                  *
=========================================================================
Analyzing Verilog file "D:\GitHub\LogicDesignLab\Lab10\bell2\ssd_decoder.v" into library work
Parsing verilog file "global.v" included at line 12.
Parsing module <ssd_decoder>.
Analyzing Verilog file "D:\GitHub\LogicDesignLab\Lab10\bell2\speaker_ctl.v" into library work
Parsing module <speaker_ctl>.
Analyzing Verilog file "D:\GitHub\LogicDesignLab\Lab10\bell2\scan_ctl.v" into library work
Parsing module <scan_ctl>.
Analyzing Verilog file "D:\GitHub\LogicDesignLab\Lab10\bell2\freq_div.v" into library work
Parsing module <freq_div>.
Analyzing Verilog file "D:\GitHub\LogicDesignLab\Lab10\bell2\buzzer_ctl.v" into library work
Parsing module <buzzer_ctl>.
Analyzing Verilog file "D:\GitHub\LogicDesignLab\Lab10\bell2\autoplay_music.v" into library work
Parsing verilog file "global.v" included at line 12.
Parsing module <autoplay_music>.

=========================================================================
*                            HDL Elaboration                            *
=========================================================================
WARNING:HDLCompiler:1016 - "D:\GitHub\LogicDesignLab\Lab10\bell2\autoplay_music.v" Line 50: Port clk_out is not connected to this instance

Elaborating module <autoplay_music>.

Elaborating module <freq_div>.
WARNING:HDLCompiler:1127 - "D:\GitHub\LogicDesignLab\Lab10\bell2\autoplay_music.v" Line 51: Assignment to clk_fast ignored, since the identifier is never used

Elaborating module <buzzer_ctl>.

Elaborating module <speaker_ctl>.

Elaborating module <scan_ctl>.

Elaborating module <ssd_decoder>.

=========================================================================
*                           HDL Synthesis                               *
=========================================================================

Synthesizing Unit <autoplay_music>.
    Related source file is "D:\GitHub\LogicDesignLab\Lab10\bell2\autoplay_music.v".
INFO:Xst:3210 - "D:\GitHub\LogicDesignLab\Lab10\bell2\autoplay_music.v" line 50: Output port <clk_out> of the instance <freqency_divider> is unconnected or connected to loadless signal.
INFO:Xst:3210 - "D:\GitHub\LogicDesignLab\Lab10\bell2\autoplay_music.v" line 50: Output port <clk_fast> of the instance <freqency_divider> is unconnected or connected to loadless signal.
    Summary:
	no macro.
Unit <autoplay_music> synthesized.

Synthesizing Unit <freq_div>.
    Related source file is "D:\GitHub\LogicDesignLab\Lab10\bell2\freq_div.v".
    Found 2-bit register for signal <clk_ctl>.
    Found 7-bit register for signal <cnt_h>.
    Found 15-bit register for signal <cnt_l>.
    Found 1-bit register for signal <clk_out>.
    Found 25-bit adder for signal <cnt_tmp> created at line 46.
    Summary:
	inferred   1 Adder/Subtractor(s).
	inferred  25 D-type flip-flop(s).
Unit <freq_div> synthesized.

Synthesizing Unit <buzzer_ctl>.
    Related source file is "D:\GitHub\LogicDesignLab\Lab10\bell2\buzzer_ctl.v".
    Found 20-bit register for signal <clk_cnt>.
    Found 1-bit register for signal <b_clk>.
    Found 20-bit adder for signal <clk_cnt[19]_GND_3_o_add_2_OUT> created at line 52.
    Found 20-bit comparator equal for signal <clk_cnt[19]_note_div[19]_equal_2_o> created at line 45
    Summary:
	inferred   1 Adder/Subtractor(s).
	inferred  21 D-type flip-flop(s).
	inferred   1 Comparator(s).
	inferred   1 Multiplexer(s).
Unit <buzzer_ctl> synthesized.

Synthesizing Unit <speaker_ctl>.
    Related source file is "D:\GitHub\LogicDesignLab\Lab10\bell2\speaker_ctl.v".
    Found 4-bit register for signal <audio_cnt_h>.
    Found 2-bit register for signal <audio_cnt_l>.
    Found 1-bit register for signal <audio_bck>.
    Found 1-bit register for signal <audio_ws>.
    Found 8-bit adder for signal <audio_cnt> created at line 53.
    Found 1-bit 32-to-1 multiplexer for signal <audio_data> created at line 62.
    Summary:
	inferred   1 Adder/Subtractor(s).
	inferred   8 D-type flip-flop(s).
	inferred   1 Multiplexer(s).
Unit <speaker_ctl> synthesized.

Synthesizing Unit <scan_ctl>.
    Related source file is "D:\GitHub\LogicDesignLab\Lab10\bell2\scan_ctl.v".
    Found 4x4-bit Read Only RAM for signal <ssd_ctl>
    Summary:
	inferred   1 RAM(s).
	inferred   3 Multiplexer(s).
Unit <scan_ctl> synthesized.

Synthesizing Unit <ssd_decoder>.
    Related source file is "D:\GitHub\LogicDesignLab\Lab10\bell2\ssd_decoder.v".
    Found 32x15-bit Read Only RAM for signal <_n0086>
    Summary:
	inferred   1 RAM(s).
	inferred   1 Multiplexer(s).
Unit <ssd_decoder> synthesized.

=========================================================================
HDL Synthesis Report

Macro Statistics
# RAMs                                                 : 2
 32x15-bit single-port Read Only RAM                   : 1
 4x4-bit single-port Read Only RAM                     : 1
# Adders/Subtractors                                   : 3
 20-bit adder                                          : 1
 25-bit adder                                          : 1
 8-bit adder                                           : 1
# Registers                                            : 10
 1-bit register                                        : 4
 15-bit register                                       : 1
 2-bit register                                        : 2
 20-bit register                                       : 1
 4-bit register                                        : 1
 7-bit register                                        : 1
# Comparators                                          : 1
 20-bit comparator equal                               : 1
# Multiplexers                                         : 6
 1-bit 32-to-1 multiplexer                             : 1
 15-bit 2-to-1 multiplexer                             : 1
 20-bit 2-to-1 multiplexer                             : 1
 6-bit 2-to-1 multiplexer                              : 3

=========================================================================

=========================================================================
*                       Advanced HDL Synthesis                          *
=========================================================================


Synthesizing (advanced) Unit <buzzer_ctl>.
The following registers are absorbed into counter <clk_cnt>: 1 register on signal <clk_cnt>.
Unit <buzzer_ctl> synthesized (advanced).

Synthesizing (advanced) Unit <scan_ctl>.
INFO:Xst:3218 - HDL ADVISOR - The RAM <Mram_ssd_ctl> will be implemented on LUTs either because you have described an asynchronous read or because of currently unsupported block RAM features. If you have described an asynchronous read, making it synchronous would allow you to take advantage of available block RAM resources, for optimized device usage and improved timings. Please refer to your documentation for coding guidelines.
    -----------------------------------------------------------------------
    | ram_type           | Distributed                         |          |
    -----------------------------------------------------------------------
    | Port A                                                              |
    |     aspect ratio   | 4-word x 4-bit                      |          |
    |     weA            | connected to signal <GND>           | high     |
    |     addrA          | connected to signal <clk_ctl>       |          |
    |     diA            | connected to signal <GND>           |          |
    |     doA            | connected to signal <ssd_ctl>       |          |
    -----------------------------------------------------------------------
Unit <scan_ctl> synthesized (advanced).

Synthesizing (advanced) Unit <ssd_decoder>.
INFO:Xst:3218 - HDL ADVISOR - The RAM <Mram__n0086> will be implemented on LUTs either because you have described an asynchronous read or because of currently unsupported block RAM features. If you have described an asynchronous read, making it synchronous would allow you to take advantage of available block RAM resources, for optimized device usage and improved timings. Please refer to your documentation for coding guidelines.
    -----------------------------------------------------------------------
    | ram_type           | Distributed                         |          |
    -----------------------------------------------------------------------
    | Port A                                                              |
    |     aspect ratio   | 32-word x 15-bit                    |          |
    |     weA            | connected to signal <GND>           | high     |
    |     addrA          | connected to signal <bcd<4:0>>      |          |
    |     diA            | connected to signal <GND>           |          |
    |     doA            | connected to internal node          |          |
    -----------------------------------------------------------------------
Unit <ssd_decoder> synthesized (advanced).

=========================================================================
Advanced HDL Synthesis Report

Macro Statistics
# RAMs                                                 : 2
 32x15-bit single-port distributed Read Only RAM       : 1
 4x4-bit single-port distributed Read Only RAM         : 1
# Adders/Subtractors                                   : 2
 25-bit adder                                          : 1
 8-bit adder                                           : 1
# Counters                                             : 1
 20-bit up counter                                     : 1
# Registers                                            : 34
 Flip-Flops                                            : 34
# Comparators                                          : 1
 20-bit comparator equal                               : 1
# Multiplexers                                         : 5
 1-bit 32-to-1 multiplexer                             : 1
 15-bit 2-to-1 multiplexer                             : 1
 6-bit 2-to-1 multiplexer                              : 3

=========================================================================

=========================================================================
*                         Low Level Synthesis                           *
=========================================================================

Optimizing unit <autoplay_music> ...

Optimizing unit <freq_div> ...

Optimizing unit <speaker_ctl> ...
WARNING:Xst:2677 - Node <freqency_divider/clk_ctl_1> of sequential type is unconnected in block <autoplay_music>.
WARNING:Xst:2677 - Node <freqency_divider/clk_out> of sequential type is unconnected in block <autoplay_music>.
WARNING:Xst:2677 - Node <freqency_divider/cnt_h_6> of sequential type is unconnected in block <autoplay_music>.
WARNING:Xst:2677 - Node <freqency_divider/cnt_h_5> of sequential type is unconnected in block <autoplay_music>.
WARNING:Xst:2677 - Node <freqency_divider/cnt_h_4> of sequential type is unconnected in block <autoplay_music>.
WARNING:Xst:2677 - Node <freqency_divider/cnt_h_3> of sequential type is unconnected in block <autoplay_music>.
WARNING:Xst:2677 - Node <freqency_divider/cnt_h_2> of sequential type is unconnected in block <autoplay_music>.
WARNING:Xst:2677 - Node <freqency_divider/cnt_h_1> of sequential type is unconnected in block <autoplay_music>.
WARNING:Xst:2677 - Node <freqency_divider/cnt_h_0> of sequential type is unconnected in block <autoplay_music>.

Mapping all equations...
Building and optimizing final netlist ...
Found area constraint ratio of 100 (+ 5) on block autoplay_music, actual ratio is 1.

Final Macro Processing ...

=========================================================================
Final Register Report

Macro Statistics
# Registers                                            : 45
 Flip-Flops                                            : 45

=========================================================================

=========================================================================
*                           Partition Report                            *
=========================================================================

Partition Implementation Status
-------------------------------

  No Partitions were found in this design.

-------------------------------

=========================================================================
*                            Design Summary                             *
=========================================================================

Top Level Output File Name         : autoplay_music.ngc

Primitive and Black Box Usage:
------------------------------
# BELS                             : 157
#      GND                         : 1
#      INV                         : 4
#      LUT1                        : 15
#      LUT2                        : 22
#      LUT3                        : 8
#      LUT4                        : 3
#      LUT5                        : 2
#      LUT6                        : 23
#      MUXCY                       : 42
#      VCC                         : 1
#      XORCY                       : 36
# FlipFlops/Latches                : 45
#      FDC                         : 45
# Clock Buffers                    : 1
#      BUFG                        : 1
# IO Buffers                       : 58
#      IBUF                        : 34
#      OBUF                        : 24

Device utilization summary:
---------------------------

Selected Device : 6slx16csg324-3 


Slice Logic Utilization: 
 Number of Slice Registers:              45  out of  18224     0%  
 Number of Slice LUTs:                   77  out of   9112     0%  
    Number used as Logic:                77  out of   9112     0%  

Slice Logic Distribution: 
 Number of LUT Flip Flop pairs used:     78
   Number with an unused Flip Flop:      33  out of     78    42%  
   Number with an unused LUT:             1  out of     78     1%  
   Number of fully used LUT-FF pairs:    44  out of     78    56%  
   Number of unique control sets:         1

IO Utilization: 
 Number of IOs:                          58
 Number of bonded IOBs:                  58  out of    232    25%  

Specific Feature Utilization:
 Number of BUFG/BUFGCTRLs:                1  out of     16     6%  

---------------------------
Partition Resource Summary:
---------------------------

  No Partitions were found in this design.

---------------------------


=========================================================================
Timing Report

NOTE: THESE TIMING NUMBERS ARE ONLY A SYNTHESIS ESTIMATE.
      FOR ACCURATE TIMING INFORMATION PLEASE REFER TO THE TRACE REPORT
      GENERATED AFTER PLACE-and-ROUTE.

Clock Information:
------------------
-----------------------------------+------------------------+-------+
Clock Signal                       | Clock buffer(FF name)  | Load  |
-----------------------------------+------------------------+-------+
clk                                | IBUF+BUFG              | 45    |
-----------------------------------+------------------------+-------+

Asynchronous Control Signals Information:
----------------------------------------
No asynchronous control signals found in this design

Timing Summary:
---------------
Speed Grade: -3

   Minimum period: 3.918ns (Maximum Frequency: 255.213MHz)
   Minimum input arrival time before clock: 4.790ns
   Maximum output required time after clock: 6.409ns
   Maximum combinational path delay: 6.808ns

Timing Details:
---------------
All values displayed in nanoseconds (ns)

=========================================================================
Timing constraint: Default period analysis for Clock 'clk'
  Clock period: 3.918ns (frequency: 255.213MHz)
  Total number of paths / destination ports: 5003 / 45
-------------------------------------------------------------------------
Delay:               3.918ns (Levels of Logic = 29)
  Source:            buzzer_controllor/clk_cnt_2 (FF)
  Destination:       buzzer_controllor/clk_cnt_19 (FF)
  Source Clock:      clk rising
  Destination Clock: clk rising

  Data Path: buzzer_controllor/clk_cnt_2 to buzzer_controllor/clk_cnt_19
                                Gate     Net
    Cell:in->out      fanout   Delay   Delay  Logical Name (Net Name)
    ----------------------------------------  ------------
     FDC:C->Q              2   0.447   0.845  buzzer_controllor/clk_cnt_2 (buzzer_controllor/clk_cnt_2)
     LUT6:I3->O            1   0.205   0.000  buzzer_controllor/Mcompar_clk_cnt[19]_note_div[19]_equal_2_o_lut<0> (buzzer_controllor/Mcompar_clk_cnt[19]_note_div[19]_equal_2_o_lut<0>)
     MUXCY:S->O            1   0.172   0.000  buzzer_controllor/Mcompar_clk_cnt[19]_note_div[19]_equal_2_o_cy<0> (buzzer_controllor/Mcompar_clk_cnt[19]_note_div[19]_equal_2_o_cy<0>)
     MUXCY:CI->O           1   0.019   0.000  buzzer_controllor/Mcompar_clk_cnt[19]_note_div[19]_equal_2_o_cy<1> (buzzer_controllor/Mcompar_clk_cnt[19]_note_div[19]_equal_2_o_cy<1>)
     MUXCY:CI->O           1   0.019   0.000  buzzer_controllor/Mcompar_clk_cnt[19]_note_div[19]_equal_2_o_cy<2> (buzzer_controllor/Mcompar_clk_cnt[19]_note_div[19]_equal_2_o_cy<2>)
     MUXCY:CI->O           1   0.019   0.000  buzzer_controllor/Mcompar_clk_cnt[19]_note_div[19]_equal_2_o_cy<3> (buzzer_controllor/Mcompar_clk_cnt[19]_note_div[19]_equal_2_o_cy<3>)
     MUXCY:CI->O           1   0.019   0.000  buzzer_controllor/Mcompar_clk_cnt[19]_note_div[19]_equal_2_o_cy<4> (buzzer_controllor/Mcompar_clk_cnt[19]_note_div[19]_equal_2_o_cy<4>)
     MUXCY:CI->O           1   0.019   0.000  buzzer_controllor/Mcompar_clk_cnt[19]_note_div[19]_equal_2_o_cy<5> (buzzer_controllor/Mcompar_clk_cnt[19]_note_div[19]_equal_2_o_cy<5>)
     MUXCY:CI->O          22   0.019   1.134  buzzer_controllor/Mcompar_clk_cnt[19]_note_div[19]_equal_2_o_cy<6> (buzzer_controllor/clk_cnt[19]_note_div[19]_equal_2_o)
     LUT2:I1->O            1   0.205   0.000  buzzer_controllor/Mcount_clk_cnt_lut<0> (buzzer_controllor/Mcount_clk_cnt_lut<0>)
     MUXCY:S->O            1   0.172   0.000  buzzer_controllor/Mcount_clk_cnt_cy<0> (buzzer_controllor/Mcount_clk_cnt_cy<0>)
     MUXCY:CI->O           1   0.019   0.000  buzzer_controllor/Mcount_clk_cnt_cy<1> (buzzer_controllor/Mcount_clk_cnt_cy<1>)
     MUXCY:CI->O           1   0.019   0.000  buzzer_controllor/Mcount_clk_cnt_cy<2> (buzzer_controllor/Mcount_clk_cnt_cy<2>)
     MUXCY:CI->O           1   0.019   0.000  buzzer_controllor/Mcount_clk_cnt_cy<3> (buzzer_controllor/Mcount_clk_cnt_cy<3>)
     MUXCY:CI->O           1   0.019   0.000  buzzer_controllor/Mcount_clk_cnt_cy<4> (buzzer_controllor/Mcount_clk_cnt_cy<4>)
     MUXCY:CI->O           1   0.019   0.000  buzzer_controllor/Mcount_clk_cnt_cy<5> (buzzer_controllor/Mcount_clk_cnt_cy<5>)
     MUXCY:CI->O           1   0.019   0.000  buzzer_controllor/Mcount_clk_cnt_cy<6> (buzzer_controllor/Mcount_clk_cnt_cy<6>)
     MUXCY:CI->O           1   0.019   0.000  buzzer_controllor/Mcount_clk_cnt_cy<7> (buzzer_controllor/Mcount_clk_cnt_cy<7>)
     MUXCY:CI->O           1   0.019   0.000  buzzer_controllor/Mcount_clk_cnt_cy<8> (buzzer_controllor/Mcount_clk_cnt_cy<8>)
     MUXCY:CI->O           1   0.019   0.000  buzzer_controllor/Mcount_clk_cnt_cy<9> (buzzer_controllor/Mcount_clk_cnt_cy<9>)
     MUXCY:CI->O           1   0.019   0.000  buzzer_controllor/Mcount_clk_cnt_cy<10> (buzzer_controllor/Mcount_clk_cnt_cy<10>)
     MUXCY:CI->O           1   0.019   0.000  buzzer_controllor/Mcount_clk_cnt_cy<11> (buzzer_controllor/Mcount_clk_cnt_cy<11>)
     MUXCY:CI->O           1   0.019   0.000  buzzer_controllor/Mcount_clk_cnt_cy<12> (buzzer_controllor/Mcount_clk_cnt_cy<12>)
     MUXCY:CI->O           1   0.019   0.000  buzzer_controllor/Mcount_clk_cnt_cy<13> (buzzer_controllor/Mcount_clk_cnt_cy<13>)
     MUXCY:CI->O           1   0.019   0.000  buzzer_controllor/Mcount_clk_cnt_cy<14> (buzzer_controllor/Mcount_clk_cnt_cy<14>)
     MUXCY:CI->O           1   0.019   0.000  buzzer_controllor/Mcount_clk_cnt_cy<15> (buzzer_controllor/Mcount_clk_cnt_cy<15>)
     MUXCY:CI->O           1   0.019   0.000  buzzer_controllor/Mcount_clk_cnt_cy<16> (buzzer_controllor/Mcount_clk_cnt_cy<16>)
     MUXCY:CI->O           1   0.019   0.000  buzzer_controllor/Mcount_clk_cnt_cy<17> (buzzer_controllor/Mcount_clk_cnt_cy<17>)
     MUXCY:CI->O           0   0.019   0.000  buzzer_controllor/Mcount_clk_cnt_cy<18> (buzzer_controllor/Mcount_clk_cnt_cy<18>)
     XORCY:CI->O           1   0.180   0.000  buzzer_controllor/Mcount_clk_cnt_xor<19> (buzzer_controllor/Mcount_clk_cnt19)
     FDC:D                     0.102          buzzer_controllor/clk_cnt_19
    ----------------------------------------
    Total                      3.918ns (1.939ns logic, 1.979ns route)
                                       (49.5% logic, 50.5% route)

=========================================================================
Timing constraint: Default OFFSET IN BEFORE for Clock 'clk'
  Total number of paths / destination ports: 4665 / 66
-------------------------------------------------------------------------
Offset:              4.790ns (Levels of Logic = 30)
  Source:            note_div<2> (PAD)
  Destination:       buzzer_controllor/clk_cnt_19 (FF)
  Destination Clock: clk rising

  Data Path: note_div<2> to buzzer_controllor/clk_cnt_19
                                Gate     Net
    Cell:in->out      fanout   Delay   Delay  Logical Name (Net Name)
    ----------------------------------------  ------------
     IBUF:I->O             1   1.222   0.944  note_div_2_IBUF (note_div_2_IBUF)
     LUT6:I0->O            1   0.203   0.000  buzzer_controllor/Mcompar_clk_cnt[19]_note_div[19]_equal_2_o_lut<0> (buzzer_controllor/Mcompar_clk_cnt[19]_note_div[19]_equal_2_o_lut<0>)
     MUXCY:S->O            1   0.172   0.000  buzzer_controllor/Mcompar_clk_cnt[19]_note_div[19]_equal_2_o_cy<0> (buzzer_controllor/Mcompar_clk_cnt[19]_note_div[19]_equal_2_o_cy<0>)
     MUXCY:CI->O           1   0.019   0.000  buzzer_controllor/Mcompar_clk_cnt[19]_note_div[19]_equal_2_o_cy<1> (buzzer_controllor/Mcompar_clk_cnt[19]_note_div[19]_equal_2_o_cy<1>)
     MUXCY:CI->O           1   0.019   0.000  buzzer_controllor/Mcompar_clk_cnt[19]_note_div[19]_equal_2_o_cy<2> (buzzer_controllor/Mcompar_clk_cnt[19]_note_div[19]_equal_2_o_cy<2>)
     MUXCY:CI->O           1   0.019   0.000  buzzer_controllor/Mcompar_clk_cnt[19]_note_div[19]_equal_2_o_cy<3> (buzzer_controllor/Mcompar_clk_cnt[19]_note_div[19]_equal_2_o_cy<3>)
     MUXCY:CI->O           1   0.019   0.000  buzzer_controllor/Mcompar_clk_cnt[19]_note_div[19]_equal_2_o_cy<4> (buzzer_controllor/Mcompar_clk_cnt[19]_note_div[19]_equal_2_o_cy<4>)
     MUXCY:CI->O           1   0.019   0.000  buzzer_controllor/Mcompar_clk_cnt[19]_note_div[19]_equal_2_o_cy<5> (buzzer_controllor/Mcompar_clk_cnt[19]_note_div[19]_equal_2_o_cy<5>)
     MUXCY:CI->O          22   0.019   1.134  buzzer_controllor/Mcompar_clk_cnt[19]_note_div[19]_equal_2_o_cy<6> (buzzer_controllor/clk_cnt[19]_note_div[19]_equal_2_o)
     LUT2:I1->O            1   0.205   0.000  buzzer_controllor/Mcount_clk_cnt_lut<0> (buzzer_controllor/Mcount_clk_cnt_lut<0>)
     MUXCY:S->O            1   0.172   0.000  buzzer_controllor/Mcount_clk_cnt_cy<0> (buzzer_controllor/Mcount_clk_cnt_cy<0>)
     MUXCY:CI->O           1   0.019   0.000  buzzer_controllor/Mcount_clk_cnt_cy<1> (buzzer_controllor/Mcount_clk_cnt_cy<1>)
     MUXCY:CI->O           1   0.019   0.000  buzzer_controllor/Mcount_clk_cnt_cy<2> (buzzer_controllor/Mcount_clk_cnt_cy<2>)
     MUXCY:CI->O           1   0.019   0.000  buzzer_controllor/Mcount_clk_cnt_cy<3> (buzzer_controllor/Mcount_clk_cnt_cy<3>)
     MUXCY:CI->O           1   0.019   0.000  buzzer_controllor/Mcount_clk_cnt_cy<4> (buzzer_controllor/Mcount_clk_cnt_cy<4>)
     MUXCY:CI->O           1   0.019   0.000  buzzer_controllor/Mcount_clk_cnt_cy<5> (buzzer_controllor/Mcount_clk_cnt_cy<5>)
     MUXCY:CI->O           1   0.019   0.000  buzzer_controllor/Mcount_clk_cnt_cy<6> (buzzer_controllor/Mcount_clk_cnt_cy<6>)
     MUXCY:CI->O           1   0.019   0.000  buzzer_controllor/Mcount_clk_cnt_cy<7> (buzzer_controllor/Mcount_clk_cnt_cy<7>)
     MUXCY:CI->O           1   0.019   0.000  buzzer_controllor/Mcount_clk_cnt_cy<8> (buzzer_controllor/Mcount_clk_cnt_cy<8>)
     MUXCY:CI->O           1   0.019   0.000  buzzer_controllor/Mcount_clk_cnt_cy<9> (buzzer_controllor/Mcount_clk_cnt_cy<9>)
     MUXCY:CI->O           1   0.019   0.000  buzzer_controllor/Mcount_clk_cnt_cy<10> (buzzer_controllor/Mcount_clk_cnt_cy<10>)
     MUXCY:CI->O           1   0.019   0.000  buzzer_controllor/Mcount_clk_cnt_cy<11> (buzzer_controllor/Mcount_clk_cnt_cy<11>)
     MUXCY:CI->O           1   0.019   0.000  buzzer_controllor/Mcount_clk_cnt_cy<12> (buzzer_controllor/Mcount_clk_cnt_cy<12>)
     MUXCY:CI->O           1   0.019   0.000  buzzer_controllor/Mcount_clk_cnt_cy<13> (buzzer_controllor/Mcount_clk_cnt_cy<13>)
     MUXCY:CI->O           1   0.019   0.000  buzzer_controllor/Mcount_clk_cnt_cy<14> (buzzer_controllor/Mcount_clk_cnt_cy<14>)
     MUXCY:CI->O           1   0.019   0.000  buzzer_controllor/Mcount_clk_cnt_cy<15> (buzzer_controllor/Mcount_clk_cnt_cy<15>)
     MUXCY:CI->O           1   0.019   0.000  buzzer_controllor/Mcount_clk_cnt_cy<16> (buzzer_controllor/Mcount_clk_cnt_cy<16>)
     MUXCY:CI->O           1   0.019   0.000  buzzer_controllor/Mcount_clk_cnt_cy<17> (buzzer_controllor/Mcount_clk_cnt_cy<17>)
     MUXCY:CI->O           0   0.019   0.000  buzzer_controllor/Mcount_clk_cnt_cy<18> (buzzer_controllor/Mcount_clk_cnt_cy<18>)
     XORCY:CI->O           1   0.180   0.000  buzzer_controllor/Mcount_clk_cnt_xor<19> (buzzer_controllor/Mcount_clk_cnt19)
     FDC:D                     0.102          buzzer_controllor/clk_cnt_19
    ----------------------------------------
    Total                      4.790ns (2.712ns logic, 2.078ns route)
                                       (56.6% logic, 43.4% route)

=========================================================================
Timing constraint: Default OFFSET OUT AFTER for Clock 'clk'
  Total number of paths / destination ports: 98 / 20
-------------------------------------------------------------------------
Offset:              6.409ns (Levels of Logic = 3)
  Source:            freqency_divider/clk_ctl_0 (FF)
  Destination:       display<14> (PAD)
  Source Clock:      clk rising

  Data Path: freqency_divider/clk_ctl_0 to display<14>
                                Gate     Net
    Cell:in->out      fanout   Delay   Delay  Logical Name (Net Name)
    ----------------------------------------  ------------
     FDC:C->Q              9   0.447   1.058  freqency_divider/clk_ctl_0 (freqency_divider/clk_ctl_0)
     LUT3:I0->O           15   0.205   1.346  scan_controllor/Mmux_bcd_out61 (letter<5>)
     LUT6:I0->O            1   0.203   0.579  decoder/Mmux_ssd_out121 (display_6_OBUF)
     OBUF:I->O                 2.571          display_6_OBUF (display<6>)
    ----------------------------------------
    Total                      6.409ns (3.426ns logic, 2.983ns route)
                                       (53.5% logic, 46.5% route)

=========================================================================
Timing constraint: Default path analysis
  Total number of paths / destination ports: 181 / 16
-------------------------------------------------------------------------
Delay:               6.808ns (Levels of Logic = 4)
  Source:            letter2<3> (PAD)
  Destination:       display<14> (PAD)

  Data Path: letter2<3> to display<14>
                                Gate     Net
    Cell:in->out      fanout   Delay   Delay  Logical Name (Net Name)
    ----------------------------------------  ------------
     IBUF:I->O             1   1.222   0.684  letter2_3_IBUF (letter2_3_IBUF)
     LUT3:I1->O           15   0.203   1.346  scan_controllor/Mmux_bcd_out41 (letter<3>)
     LUT6:I0->O            1   0.203   0.579  decoder/Mmux_ssd_out31 (display_11_OBUF)
     OBUF:I->O                 2.571          display_11_OBUF (display<11>)
    ----------------------------------------
    Total                      6.808ns (4.199ns logic, 2.609ns route)
                                       (61.7% logic, 38.3% route)

=========================================================================

Cross Clock Domains Report:
--------------------------

Clock to Setup on destination clock clk
---------------+---------+---------+---------+---------+
               | Src:Rise| Src:Fall| Src:Rise| Src:Fall|
Source Clock   |Dest:Rise|Dest:Rise|Dest:Fall|Dest:Fall|
---------------+---------+---------+---------+---------+
clk            |    3.918|         |         |         |
---------------+---------+---------+---------+---------+

=========================================================================


Total REAL time to Xst completion: 12.00 secs
Total CPU time to Xst completion: 12.07 secs
 
--> 

Total memory usage is 256388 kilobytes

Number of errors   :    0 (   0 filtered)
Number of warnings :   11 (   0 filtered)
Number of infos    :    4 (   0 filtered)

