--------------------------------------------------------------------------------
Release 14.7 Trace  (nt64)
Copyright (c) 1995-2013 Xilinx, Inc.  All rights reserved.

D:\Xilinx\14.7\ISE_DS\ISE\bin\nt64\unwrapped\trce.exe -intstyle ise -v 3 -s 3
-n 3 -fastpaths -xml brainwars_main.twx brainwars_main.ncd -o
brainwars_main.twr brainwars_main.pcf -ucf brainwars_main.ucf

Design file:              brainwars_main.ncd
Physical constraint file: brainwars_main.pcf
Device,package,speed:     xc6slx16,csg324,C,-3 (PRODUCTION 1.23 2013-10-13)
Report level:             verbose report

Environment Variable      Effect 
--------------------      ------ 
NONE                      No environment variables were set
--------------------------------------------------------------------------------

INFO:Timing:2698 - No timing constraints found, doing default enumeration.
INFO:Timing:3412 - To improve timing, see the Timing Closure User Guide (UG612).
INFO:Timing:2752 - To get complete path coverage, use the unconstrained paths 
   option. All paths that are not constrained will be reported in the 
   unconstrained paths section(s) of the report.
INFO:Timing:3339 - The clock-to-out numbers in this timing report are based on 
   a 50 Ohm transmission line loading model.  For the details of this model, 
   and for more information on accounting for different loading conditions, 
   please see the device datasheet.



Data Sheet report:
-----------------
All values displayed in nanoseconds (ns)

Clock clk to Pad
------------+-----------------+------------+-----------------+------------+------------------+--------+
            |Max (slowest) clk|  Process   |Min (fastest) clk|  Process   |                  | Clock  |
Destination |  (edge) to PAD  |   Corner   |  (edge) to PAD  |   Corner   |Internal Clock(s) | Phase  |
------------+-----------------+------------+-----------------+------------+------------------+--------+
LCD_cs<0>   |         7.750(R)|      SLOW  |         4.039(R)|      FAST  |clk_IBUF_BUFG     |   0.000|
LCD_cs<1>   |         8.276(R)|      SLOW  |         4.425(R)|      FAST  |clk_IBUF_BUFG     |   0.000|
LCD_data<0> |         9.496(R)|      SLOW  |         5.141(R)|      FAST  |clk_IBUF_BUFG     |   0.000|
LCD_data<1> |         9.432(R)|      SLOW  |         5.097(R)|      FAST  |clk_IBUF_BUFG     |   0.000|
LCD_data<2> |         9.457(R)|      SLOW  |         5.113(R)|      FAST  |clk_IBUF_BUFG     |   0.000|
LCD_data<3> |         9.365(R)|      SLOW  |         5.050(R)|      FAST  |clk_IBUF_BUFG     |   0.000|
LCD_data<4> |        10.195(R)|      SLOW  |         5.573(R)|      FAST  |clk_IBUF_BUFG     |   0.000|
LCD_data<5> |        10.157(R)|      SLOW  |         5.508(R)|      FAST  |clk_IBUF_BUFG     |   0.000|
LCD_data<6> |         9.920(R)|      SLOW  |         5.385(R)|      FAST  |clk_IBUF_BUFG     |   0.000|
LCD_data<7> |         9.846(R)|      SLOW  |         5.334(R)|      FAST  |clk_IBUF_BUFG     |   0.000|
LCD_di      |         8.900(R)|      SLOW  |         4.694(R)|      FAST  |clk_IBUF_BUFG     |   0.000|
LCD_en      |         8.930(R)|      SLOW  |         4.730(R)|      FAST  |clk_IBUF_BUFG     |   0.000|
audio_bck   |         6.731(R)|      SLOW  |         3.438(R)|      FAST  |clk_IBUF_BUFG     |   0.000|
audio_data  |         8.113(R)|      SLOW  |         4.028(R)|      FAST  |clk_IBUF_BUFG     |   0.000|
audio_ws    |         6.805(R)|      SLOW  |         3.500(R)|      FAST  |clk_IBUF_BUFG     |   0.000|
------------+-----------------+------------+-----------------+------------+------------------+--------+

Clock to Setup on destination clock clk
---------------+---------+---------+---------+---------+
               | Src:Rise| Src:Fall| Src:Rise| Src:Fall|
Source Clock   |Dest:Rise|Dest:Rise|Dest:Fall|Dest:Fall|
---------------+---------+---------+---------+---------+
clk            |    4.187|         |         |         |
rst_n          |    8.274|    8.274|         |         |
rst_n_in       |    7.670|    7.670|         |         |
---------------+---------+---------+---------+---------+

Clock to Setup on destination clock rst_n
---------------+---------+---------+---------+---------+
               | Src:Rise| Src:Fall| Src:Rise| Src:Fall|
Source Clock   |Dest:Rise|Dest:Rise|Dest:Fall|Dest:Fall|
---------------+---------+---------+---------+---------+
rst_n          |         |         |    0.538|    0.538|
rst_n_in       |         |         |   -0.705|   -0.705|
---------------+---------+---------+---------+---------+

Clock to Setup on destination clock rst_n_in
---------------+---------+---------+---------+---------+
               | Src:Rise| Src:Fall| Src:Rise| Src:Fall|
Source Clock   |Dest:Rise|Dest:Rise|Dest:Fall|Dest:Fall|
---------------+---------+---------+---------+---------+
rst_n          |         |         |    2.127|    2.127|
rst_n_in       |         |         |    0.446|    0.446|
---------------+---------+---------+---------+---------+

Pad to Pad
---------------+---------------+---------+
Source Pad     |Destination Pad|  Delay  |
---------------+---------------+---------+
clk            |audio_sysclk   |    7.990|
rst_n          |LCD_rst        |   10.854|
rst_n          |rst_n_out      |    8.941|
rst_n_in       |LCD_rst        |   10.695|
---------------+---------------+---------+


Analysis completed Tue Jun 23 14:07:45 2015 
--------------------------------------------------------------------------------

Trace Settings:
-------------------------
Trace Settings 

Peak Memory Usage: 360 MB



