#-----------------------------------------------------------
# PlanAhead v14.7 (64-bit)
# Build 321239 by xbuild on Fri Sep 27 19:29:51 MDT 2013
# Start of session at: Sat Mar 21 23:24:29 2015
# Process ID: 8912
# Log file: D:/OneDrive/LogicDesignLab/Lab3/Lab3-3/planAhead_run_1/planAhead.log
# Journal file: D:/OneDrive/LogicDesignLab/Lab3/Lab3-3/planAhead_run_1/planAhead.jou
#-----------------------------------------------------------
start_gui
source D:/OneDrive/LogicDesignLab/Lab3/Lab3-3/pa.fromHdl.tcl
update_compile_order -fileset sim_1
startgroup
set_property package_pin R10 [get_ports clk]
endgroup
startgroup
set_property package_pin N3 [get_ports rst_n]
endgroup
startgroup
set_property package_pin V8 [get_ports {control[0]}]
endgroup
startgroup
set_property package_pin U8 [get_ports {control[1]}]
endgroup
startgroup
set_property package_pin V6 [get_ports {control[2]}]
endgroup
startgroup
set_property package_pin T6 [get_ports {control[3]}]
endgroup
set_property package_pin "" [get_ports [list  {display[0]}]]
startgroup
set_property package_pin P6 [get_ports {display[14]}]
endgroup
startgroup
set_property package_pin N4 [get_ports {display[13]}]
endgroup
startgroup
set_property package_pin V5 [get_ports {display[12]}]
endgroup
startgroup
set_property package_pin T5 [get_ports {display[11]}]
endgroup
startgroup
set_property package_pin U7 [get_ports {display[10]}]
endgroup
startgroup
set_property package_pin R3 [get_ports {display[9]}]
endgroup
startgroup
set_property package_pin N5 [get_ports {display[8]}]
endgroup
startgroup
set_property package_pin R5 [get_ports {display[7]}]
endgroup
startgroup
set_property package_pin T3 [get_ports {display[6]}]
endgroup
startgroup
set_property package_pin T4 [get_ports {display[5]}]
endgroup
startgroup
set_property package_pin V4 [get_ports {display[4]}]
endgroup
startgroup
set_property package_pin V7 [get_ports {display[3]}]
endgroup
startgroup
set_property package_pin R7 [get_ports {display[2]}]
endgroup
startgroup
set_property package_pin T7 [get_ports {display[1]}]
endgroup
startgroup
set_property package_pin U5 [get_ports {display[0]}]
endgroup
save_constraints
